// Validating benchmarks:
// ***** BenchmarkRunner: Start   *****
// ***** Found 8 benchmark(s) in total *****
// ***** Building 1 exe(s) in Parallel: Start   *****
// start dotnet  restore --nodeReuse:false /p:UseSharedCompilation=false /p:Deterministic=true /p:Optimize=true /p:ArtifactsPath="D:\The journey\Simulation\CSharp_Basics\Lecture 3\abdallahbdreldin-Assignment-4\submission\assignment\bin\Release\net8.0\ConsoleApp1-DefaultJob-1/" /p:OutDir="D:\The journey\Simulation\CSharp_Basics\Lecture 3\abdallahbdreldin-Assignment-4\submission\assignment\bin\Release\net8.0\ConsoleApp1-DefaultJob-1\bin\Release\net8.0/" /p:OutputPath="D:\The journey\Simulation\CSharp_Basics\Lecture 3\abdallahbdreldin-Assignment-4\submission\assignment\bin\Release\net8.0\ConsoleApp1-DefaultJob-1\bin\Release\net8.0/" /p:PublishDir="D:\The journey\Simulation\CSharp_Basics\Lecture 3\abdallahbdreldin-Assignment-4\submission\assignment\bin\Release\net8.0\ConsoleApp1-DefaultJob-1\publish/" in D:\The journey\Simulation\CSharp_Basics\Lecture 3\abdallahbdreldin-Assignment-4\submission\assignment\bin\Release\net8.0\ConsoleApp1-DefaultJob-1
// command took 1.28 sec and exited with 0
// start dotnet  build -c Release --no-restore --nodeReuse:false /p:UseSharedCompilation=false /p:Deterministic=true /p:Optimize=true /p:ArtifactsPath="D:\The journey\Simulation\CSharp_Basics\Lecture 3\abdallahbdreldin-Assignment-4\submission\assignment\bin\Release\net8.0\ConsoleApp1-DefaultJob-1/" /p:OutDir="D:\The journey\Simulation\CSharp_Basics\Lecture 3\abdallahbdreldin-Assignment-4\submission\assignment\bin\Release\net8.0\ConsoleApp1-DefaultJob-1\bin\Release\net8.0/" /p:OutputPath="D:\The journey\Simulation\CSharp_Basics\Lecture 3\abdallahbdreldin-Assignment-4\submission\assignment\bin\Release\net8.0\ConsoleApp1-DefaultJob-1\bin\Release\net8.0/" /p:PublishDir="D:\The journey\Simulation\CSharp_Basics\Lecture 3\abdallahbdreldin-Assignment-4\submission\assignment\bin\Release\net8.0\ConsoleApp1-DefaultJob-1\publish/" --output "D:\The journey\Simulation\CSharp_Basics\Lecture 3\abdallahbdreldin-Assignment-4\submission\assignment\bin\Release\net8.0\ConsoleApp1-DefaultJob-1\bin\Release\net8.0/" in D:\The journey\Simulation\CSharp_Basics\Lecture 3\abdallahbdreldin-Assignment-4\submission\assignment\bin\Release\net8.0\ConsoleApp1-DefaultJob-1
// command took 7.01 sec and exited with 0
// ***** Done, took 00:00:08 (8.47 sec)   *****
// Found 8 benchmarks:
//   StringConcatenationBenchmark.StringConcatenation: DefaultJob [Iterations=100]
//   StringConcatenationBenchmark.StringBuilderConcatenation: DefaultJob [Iterations=100]
//   StringConcatenationBenchmark.StringConcatenation: DefaultJob [Iterations=1000]
//   StringConcatenationBenchmark.StringBuilderConcatenation: DefaultJob [Iterations=1000]
//   StringConcatenationBenchmark.StringConcatenation: DefaultJob [Iterations=10000]
//   StringConcatenationBenchmark.StringBuilderConcatenation: DefaultJob [Iterations=10000]
//   StringConcatenationBenchmark.StringConcatenation: DefaultJob [Iterations=100000]
//   StringConcatenationBenchmark.StringBuilderConcatenation: DefaultJob [Iterations=100000]

Setup power plan (GUID: 8c5e7fda-e8bf-4a96-9a85-a6e23a8c635c FriendlyName: High performance)
// **************************
// Benchmark: StringConcatenationBenchmark.StringConcatenation: DefaultJob [Iterations=100]
// *** Execute ***
// Launch: 1 / 1
// Execute: dotnet ConsoleApp1-DefaultJob-1.dll --anonymousPipes 1360 1408 --benchmarkName "StringConcatenationBenchmark.StringConcatenation(Iterations: 100)" --job Default --benchmarkId 0 in D:\The journey\Simulation\CSharp_Basics\Lecture 3\abdallahbdreldin-Assignment-4\submission\assignment\bin\Release\net8.0\ConsoleApp1-DefaultJob-1\bin\Release\net8.0
// BeforeAnythingElse

// Benchmark Process Environment Information:
// BenchmarkDotNet v0.15.8
// Runtime=.NET 8.0.31 (8.0.31, 8.0.3126.42015), X64 RyuJIT x86-64-v3
// GC=Concurrent Workstation
// HardwareIntrinsics=AVX2+BMI1+BMI2+F16C+FMA+LZCNT+MOVBE,AVX,SSE3+SSSE3+SSE4.1+SSE4.2+POPCNT,X86Base+SSE+SSE2,AES+PCLMUL VectorSize=256
// Job: DefaultJob

OverheadJitting  1: 1 op, 155700.00 ns, 155.7000 us/op
WorkloadJitting  1: 1 op, 253200.00 ns, 253.2000 us/op

OverheadJitting  2: 16 op, 574200.00 ns, 35.8875 us/op
WorkloadJitting  2: 16 op, 586000.00 ns, 36.6250 us/op

WorkloadPilot    1: 16 op, 95100.00 ns, 5.9438 us/op
WorkloadPilot    2: 32 op, 237700.00 ns, 7.4281 us/op
WorkloadPilot    3: 64 op, 491600.00 ns, 7.6813 us/op
WorkloadPilot    4: 128 op, 862100.00 ns, 6.7352 us/op
WorkloadPilot    5: 256 op, 2286600.00 ns, 8.9320 us/op
WorkloadPilot    6: 512 op, 3454500.00 ns, 6.7471 us/op
WorkloadPilot    7: 1024 op, 4413000.00 ns, 4.3096 us/op
WorkloadPilot    8: 2048 op, 7705300.00 ns, 3.7624 us/op
WorkloadPilot    9: 4096 op, 14522200.00 ns, 3.5455 us/op
WorkloadPilot   10: 8192 op, 27820300.00 ns, 3.3960 us/op
WorkloadPilot   11: 16384 op, 53601000.00 ns, 3.2715 us/op
WorkloadPilot   12: 32768 op, 104654900.00 ns, 3.1938 us/op
WorkloadPilot   13: 65536 op, 138267800.00 ns, 2.1098 us/op
WorkloadPilot   14: 131072 op, 256713800.00 ns, 1.9586 us/op
WorkloadPilot   15: 262144 op, 555545800.00 ns, 2.1192 us/op

OverheadWarmup   1: 262144 op, 1608500.00 ns, 6.1359 ns/op
OverheadWarmup   2: 262144 op, 1130100.00 ns, 4.3110 ns/op
OverheadWarmup   3: 262144 op, 1019100.00 ns, 3.8876 ns/op
OverheadWarmup   4: 262144 op, 909500.00 ns, 3.4695 ns/op
OverheadWarmup   5: 262144 op, 1745100.00 ns, 6.6570 ns/op
OverheadWarmup   6: 262144 op, 954900.00 ns, 3.6427 ns/op
OverheadWarmup   7: 262144 op, 911400.00 ns, 3.4767 ns/op
OverheadWarmup   8: 262144 op, 1041800.00 ns, 3.9742 ns/op
OverheadWarmup   9: 262144 op, 940400.00 ns, 3.5873 ns/op

OverheadActual   1: 262144 op, 927600.00 ns, 3.5385 ns/op
OverheadActual   2: 262144 op, 911300.00 ns, 3.4763 ns/op
OverheadActual   3: 262144 op, 949000.00 ns, 3.6201 ns/op
OverheadActual   4: 262144 op, 919000.00 ns, 3.5057 ns/op
OverheadActual   5: 262144 op, 1173300.00 ns, 4.4758 ns/op
OverheadActual   6: 262144 op, 1004300.00 ns, 3.8311 ns/op
OverheadActual   7: 262144 op, 1112900.00 ns, 4.2454 ns/op
OverheadActual   8: 262144 op, 1051000.00 ns, 4.0092 ns/op
OverheadActual   9: 262144 op, 911400.00 ns, 3.4767 ns/op
OverheadActual  10: 262144 op, 1050800.00 ns, 4.0085 ns/op
OverheadActual  11: 262144 op, 1035100.00 ns, 3.9486 ns/op
OverheadActual  12: 262144 op, 1288600.00 ns, 4.9156 ns/op
OverheadActual  13: 262144 op, 942600.00 ns, 3.5957 ns/op
OverheadActual  14: 262144 op, 962700.00 ns, 3.6724 ns/op
OverheadActual  15: 262144 op, 1162900.00 ns, 4.4361 ns/op
OverheadActual  16: 262144 op, 915400.00 ns, 3.4920 ns/op
OverheadActual  17: 262144 op, 1056900.00 ns, 4.0318 ns/op
OverheadActual  18: 262144 op, 1692000.00 ns, 6.4545 ns/op
OverheadActual  19: 262144 op, 1023200.00 ns, 3.9032 ns/op
OverheadActual  20: 262144 op, 983500.00 ns, 3.7518 ns/op

WorkloadWarmup   1: 262144 op, 536818400.00 ns, 2.0478 us/op
WorkloadWarmup   2: 262144 op, 605368100.00 ns, 2.3093 us/op
WorkloadWarmup   3: 262144 op, 544657600.00 ns, 2.0777 us/op
WorkloadWarmup   4: 262144 op, 543288600.00 ns, 2.0725 us/op
WorkloadWarmup   5: 262144 op, 522231900.00 ns, 1.9922 us/op
WorkloadWarmup   6: 262144 op, 511836300.00 ns, 1.9525 us/op
WorkloadWarmup   7: 262144 op, 514997100.00 ns, 1.9646 us/op
WorkloadWarmup   8: 262144 op, 512606700.00 ns, 1.9554 us/op

// BeforeActualRun
WorkloadActual   1: 262144 op, 514284200.00 ns, 1.9618 us/op
WorkloadActual   2: 262144 op, 511528600.00 ns, 1.9513 us/op
WorkloadActual   3: 262144 op, 529892000.00 ns, 2.0214 us/op
WorkloadActual   4: 262144 op, 503323800.00 ns, 1.9200 us/op
WorkloadActual   5: 262144 op, 511977000.00 ns, 1.9530 us/op
WorkloadActual   6: 262144 op, 506748900.00 ns, 1.9331 us/op
WorkloadActual   7: 262144 op, 518124700.00 ns, 1.9765 us/op
WorkloadActual   8: 262144 op, 506596300.00 ns, 1.9325 us/op
WorkloadActual   9: 262144 op, 521480600.00 ns, 1.9893 us/op
WorkloadActual  10: 262144 op, 508312400.00 ns, 1.9391 us/op
WorkloadActual  11: 262144 op, 506454100.00 ns, 1.9320 us/op
WorkloadActual  12: 262144 op, 501100400.00 ns, 1.9115 us/op
WorkloadActual  13: 262144 op, 512990500.00 ns, 1.9569 us/op
WorkloadActual  14: 262144 op, 514524700.00 ns, 1.9628 us/op
WorkloadActual  15: 262144 op, 515454800.00 ns, 1.9663 us/op

// AfterActualRun
WorkloadResult   1: 262144 op, 513270450.00 ns, 1.9580 us/op
WorkloadResult   2: 262144 op, 510514850.00 ns, 1.9475 us/op
WorkloadResult   3: 262144 op, 502310050.00 ns, 1.9162 us/op
WorkloadResult   4: 262144 op, 510963250.00 ns, 1.9492 us/op
WorkloadResult   5: 262144 op, 505735150.00 ns, 1.9292 us/op
WorkloadResult   6: 262144 op, 517110950.00 ns, 1.9726 us/op
WorkloadResult   7: 262144 op, 505582550.00 ns, 1.9286 us/op
WorkloadResult   8: 262144 op, 520466850.00 ns, 1.9854 us/op
WorkloadResult   9: 262144 op, 507298650.00 ns, 1.9352 us/op
WorkloadResult  10: 262144 op, 505440350.00 ns, 1.9281 us/op
WorkloadResult  11: 262144 op, 500086650.00 ns, 1.9077 us/op
WorkloadResult  12: 262144 op, 511976750.00 ns, 1.9530 us/op
WorkloadResult  13: 262144 op, 513510950.00 ns, 1.9589 us/op
WorkloadResult  14: 262144 op, 514441050.00 ns, 1.9624 us/op

// AfterAll
// Benchmark Process 20636 has exited with code 0.

Mean = 1.945 μs, StdErr = 0.006 μs (0.30%), N = 14, StdDev = 0.022 μs
Min = 1.908 μs, Q1 = 1.929 μs, Median = 1.948 μs, Q3 = 1.959 μs, Max = 1.985 μs
IQR = 0.030 μs, LowerFence = 1.884 μs, UpperFence = 2.003 μs
ConfidenceInterval = [1.920 μs; 1.970 μs] (CI 99.9%), Margin = 0.025 μs (1.27% of Mean)
Skewness = 0.03, Kurtosis = 1.92, MValue = 2

// ** Remained 7 (87.5%) benchmark(s) to run. Estimated finish 2026-09-16 17:32 (0h 1m from now) **
Setup power plan (GUID: 8c5e7fda-e8bf-4a96-9a85-a6e23a8c635c FriendlyName: High performance)
// **************************
// Benchmark: StringConcatenationBenchmark.StringBuilderConcatenation: DefaultJob [Iterations=100]
// *** Execute ***
// Launch: 1 / 1
// Execute: dotnet ConsoleApp1-DefaultJob-1.dll --anonymousPipes 624 1340 --benchmarkName "StringConcatenationBenchmark.StringBuilderConcatenation(Iterations: 100)" --job Default --benchmarkId 1 in D:\The journey\Simulation\CSharp_Basics\Lecture 3\abdallahbdreldin-Assignment-4\submission\assignment\bin\Release\net8.0\ConsoleApp1-DefaultJob-1\bin\Release\net8.0
// BeforeAnythingElse

// Benchmark Process Environment Information:
// BenchmarkDotNet v0.15.8
// Runtime=.NET 8.0.31 (8.0.31, 8.0.3126.42015), X64 RyuJIT x86-64-v3
// GC=Concurrent Workstation
// HardwareIntrinsics=AVX2+BMI1+BMI2+F16C+FMA+LZCNT+MOVBE,AVX,SSE3+SSSE3+SSE4.1+SSE4.2+POPCNT,X86Base+SSE+SSE2,AES+PCLMUL VectorSize=256
// Job: DefaultJob

OverheadJitting  1: 1 op, 153900.00 ns, 153.9000 us/op
WorkloadJitting  1: 1 op, 269200.00 ns, 269.2000 us/op

OverheadJitting  2: 16 op, 460700.00 ns, 28.7938 us/op
WorkloadJitting  2: 16 op, 610900.00 ns, 38.1813 us/op

WorkloadPilot    1: 16 op, 47700.00 ns, 2.9813 us/op
WorkloadPilot    2: 32 op, 81400.00 ns, 2.5438 us/op
WorkloadPilot    3: 64 op, 192500.00 ns, 3.0078 us/op
WorkloadPilot    4: 128 op, 271300.00 ns, 2.1195 us/op
WorkloadPilot    5: 256 op, 492100.00 ns, 1.9223 us/op
WorkloadPilot    6: 512 op, 803700.00 ns, 1.5697 us/op
WorkloadPilot    7: 1024 op, 2141800.00 ns, 2.0916 us/op
WorkloadPilot    8: 2048 op, 3128400.00 ns, 1.5275 us/op
WorkloadPilot    9: 4096 op, 6508600.00 ns, 1.5890 us/op
WorkloadPilot   10: 8192 op, 11525800.00 ns, 1.4070 us/op
WorkloadPilot   11: 16384 op, 22397700.00 ns, 1.3670 us/op
WorkloadPilot   12: 32768 op, 44616400.00 ns, 1.3616 us/op
WorkloadPilot   13: 65536 op, 51039000.00 ns, 778.7933 ns/op
WorkloadPilot   14: 131072 op, 73006600.00 ns, 556.9962 ns/op
WorkloadPilot   15: 262144 op, 148223300.00 ns, 565.4270 ns/op
WorkloadPilot   16: 524288 op, 299351000.00 ns, 570.9667 ns/op
WorkloadPilot   17: 1048576 op, 596132700.00 ns, 568.5164 ns/op

OverheadWarmup   1: 1048576 op, 3648400.00 ns, 3.4794 ns/op
OverheadWarmup   2: 1048576 op, 3727600.00 ns, 3.5549 ns/op
OverheadWarmup   3: 1048576 op, 4298100.00 ns, 4.0990 ns/op
OverheadWarmup   4: 1048576 op, 3768200.00 ns, 3.5936 ns/op
OverheadWarmup   5: 1048576 op, 3671300.00 ns, 3.5012 ns/op
OverheadWarmup   6: 1048576 op, 4063500.00 ns, 3.8753 ns/op
OverheadWarmup   7: 1048576 op, 3665700.00 ns, 3.4959 ns/op

OverheadActual   1: 1048576 op, 3678000.00 ns, 3.5076 ns/op
OverheadActual   2: 1048576 op, 3654700.00 ns, 3.4854 ns/op
OverheadActual   3: 1048576 op, 3709800.00 ns, 3.5379 ns/op
OverheadActual   4: 1048576 op, 3770900.00 ns, 3.5962 ns/op
OverheadActual   5: 1048576 op, 3935900.00 ns, 3.7536 ns/op
OverheadActual   6: 1048576 op, 3721500.00 ns, 3.5491 ns/op
OverheadActual   7: 1048576 op, 3734300.00 ns, 3.5613 ns/op
OverheadActual   8: 1048576 op, 3962700.00 ns, 3.7791 ns/op
OverheadActual   9: 1048576 op, 3883400.00 ns, 3.7035 ns/op
OverheadActual  10: 1048576 op, 3631700.00 ns, 3.4635 ns/op
OverheadActual  11: 1048576 op, 4160900.00 ns, 3.9681 ns/op
OverheadActual  12: 1048576 op, 3921800.00 ns, 3.7401 ns/op
OverheadActual  13: 1048576 op, 3639600.00 ns, 3.4710 ns/op
OverheadActual  14: 1048576 op, 4371100.00 ns, 4.1686 ns/op
OverheadActual  15: 1048576 op, 4567600.00 ns, 4.3560 ns/op
OverheadActual  16: 1048576 op, 3963200.00 ns, 3.7796 ns/op

WorkloadWarmup   1: 1048576 op, 597758800.00 ns, 570.0672 ns/op
WorkloadWarmup   2: 1048576 op, 600871500.00 ns, 573.0357 ns/op
WorkloadWarmup   3: 1048576 op, 586400700.00 ns, 559.2353 ns/op
WorkloadWarmup   4: 1048576 op, 594831300.00 ns, 567.2753 ns/op
WorkloadWarmup   5: 1048576 op, 594727300.00 ns, 567.1762 ns/op
WorkloadWarmup   6: 1048576 op, 591567300.00 ns, 564.1625 ns/op

// BeforeActualRun
WorkloadActual   1: 1048576 op, 594767500.00 ns, 567.2145 ns/op
WorkloadActual   2: 1048576 op, 582345400.00 ns, 555.3679 ns/op
WorkloadActual   3: 1048576 op, 588332000.00 ns, 561.0771 ns/op
WorkloadActual   4: 1048576 op, 592476400.00 ns, 565.0295 ns/op
WorkloadActual   5: 1048576 op, 580887000.00 ns, 553.9770 ns/op
WorkloadActual   6: 1048576 op, 580297000.00 ns, 553.4143 ns/op
WorkloadActual   7: 1048576 op, 596101400.00 ns, 568.4866 ns/op
WorkloadActual   8: 1048576 op, 607820100.00 ns, 579.6624 ns/op
WorkloadActual   9: 1048576 op, 602035200.00 ns, 574.1455 ns/op
WorkloadActual  10: 1048576 op, 616313700.00 ns, 587.7625 ns/op
WorkloadActual  11: 1048576 op, 597551500.00 ns, 569.8695 ns/op
WorkloadActual  12: 1048576 op, 587500000.00 ns, 560.2837 ns/op
WorkloadActual  13: 1048576 op, 582915400.00 ns, 555.9114 ns/op
WorkloadActual  14: 1048576 op, 588532500.00 ns, 561.2683 ns/op
WorkloadActual  15: 1048576 op, 590676900.00 ns, 563.3134 ns/op

// AfterActualRun
WorkloadResult   1: 1048576 op, 590940350.00 ns, 563.5646 ns/op
WorkloadResult   2: 1048576 op, 578518250.00 ns, 551.7180 ns/op
WorkloadResult   3: 1048576 op, 584504850.00 ns, 557.4273 ns/op
WorkloadResult   4: 1048576 op, 588649250.00 ns, 561.3797 ns/op
WorkloadResult   5: 1048576 op, 577059850.00 ns, 550.3272 ns/op
WorkloadResult   6: 1048576 op, 576469850.00 ns, 549.7645 ns/op
WorkloadResult   7: 1048576 op, 592274250.00 ns, 564.8367 ns/op
WorkloadResult   8: 1048576 op, 603992950.00 ns, 576.0126 ns/op
WorkloadResult   9: 1048576 op, 598208050.00 ns, 570.4957 ns/op
WorkloadResult  10: 1048576 op, 593724350.00 ns, 566.2197 ns/op
WorkloadResult  11: 1048576 op, 583672850.00 ns, 556.6338 ns/op
WorkloadResult  12: 1048576 op, 579088250.00 ns, 552.2616 ns/op
WorkloadResult  13: 1048576 op, 584705350.00 ns, 557.6185 ns/op
WorkloadResult  14: 1048576 op, 586849750.00 ns, 559.6635 ns/op

// AfterAll
// Benchmark Process 7728 has exited with code 0.

Mean = 559.852 ns, StdErr = 2.088 ns (0.37%), N = 14, StdDev = 7.813 ns
Min = 549.764 ns, Q1 = 553.355 ns, Median = 558.641 ns, Q3 = 564.519 ns, Max = 576.013 ns
IQR = 11.164 ns, LowerFence = 536.609 ns, UpperFence = 581.265 ns
ConfidenceInterval = [551.039 ns; 568.665 ns] (CI 99.9%), Margin = 8.813 ns (1.57% of Mean)
Skewness = 0.44, Kurtosis = 2.11, MValue = 2

// ** Remained 6 (75.0%) benchmark(s) to run. Estimated finish 2026-09-16 17:32 (0h 1m from now) **
Setup power plan (GUID: 8c5e7fda-e8bf-4a96-9a85-a6e23a8c635c FriendlyName: High performance)
// **************************
// Benchmark: StringConcatenationBenchmark.StringConcatenation: DefaultJob [Iterations=1000]
// *** Execute ***
// Launch: 1 / 1
// Execute: dotnet ConsoleApp1-DefaultJob-1.dll --anonymousPipes 1448 1400 --benchmarkName "StringConcatenationBenchmark.StringConcatenation(Iterations: 1000)" --job Default --benchmarkId 2 in D:\The journey\Simulation\CSharp_Basics\Lecture 3\abdallahbdreldin-Assignment-4\submission\assignment\bin\Release\net8.0\ConsoleApp1-DefaultJob-1\bin\Release\net8.0
// BeforeAnythingElse

// Benchmark Process Environment Information:
// BenchmarkDotNet v0.15.8
// Runtime=.NET 8.0.31 (8.0.31, 8.0.3126.42015), X64 RyuJIT x86-64-v3
// GC=Concurrent Workstation
// HardwareIntrinsics=AVX2+BMI1+BMI2+F16C+FMA+LZCNT+MOVBE,AVX,SSE3+SSSE3+SSE4.1+SSE4.2+POPCNT,X86Base+SSE+SSE2,AES+PCLMUL VectorSize=256
// Job: DefaultJob

OverheadJitting  1: 1 op, 156700.00 ns, 156.7000 us/op
WorkloadJitting  1: 1 op, 1360900.00 ns, 1.3609 ms/op

OverheadJitting  2: 16 op, 447300.00 ns, 27.9563 us/op
WorkloadJitting  2: 16 op, 9654600.00 ns, 603.4125 us/op

WorkloadPilot    1: 16 op, 5960700.00 ns, 372.5438 us/op
WorkloadPilot    2: 32 op, 9572700.00 ns, 299.1469 us/op
WorkloadPilot    3: 64 op, 14837200.00 ns, 231.8313 us/op
WorkloadPilot    4: 128 op, 27143200.00 ns, 212.0563 us/op
WorkloadPilot    5: 256 op, 52118900.00 ns, 203.5895 us/op
WorkloadPilot    6: 512 op, 98618300.00 ns, 192.6139 us/op
WorkloadPilot    7: 1024 op, 185701100.00 ns, 181.3487 us/op
WorkloadPilot    8: 2048 op, 365183000.00 ns, 178.3120 us/op
WorkloadPilot    9: 4096 op, 735272300.00 ns, 179.5098 us/op

OverheadWarmup   1: 4096 op, 16100.00 ns, 3.9307 ns/op
OverheadWarmup   2: 4096 op, 14700.00 ns, 3.5889 ns/op
OverheadWarmup   3: 4096 op, 14700.00 ns, 3.5889 ns/op
OverheadWarmup   4: 4096 op, 21300.00 ns, 5.2002 ns/op
OverheadWarmup   5: 4096 op, 15200.00 ns, 3.7109 ns/op
OverheadWarmup   6: 4096 op, 15000.00 ns, 3.6621 ns/op
OverheadWarmup   7: 4096 op, 16000.00 ns, 3.9063 ns/op

OverheadActual   1: 4096 op, 17300.00 ns, 4.2236 ns/op
OverheadActual   2: 4096 op, 14800.00 ns, 3.6133 ns/op
OverheadActual   3: 4096 op, 14600.00 ns, 3.5645 ns/op
OverheadActual   4: 4096 op, 14600.00 ns, 3.5645 ns/op
OverheadActual   5: 4096 op, 14900.00 ns, 3.6377 ns/op
OverheadActual   6: 4096 op, 14800.00 ns, 3.6133 ns/op
OverheadActual   7: 4096 op, 14500.00 ns, 3.5400 ns/op
OverheadActual   8: 4096 op, 17900.00 ns, 4.3701 ns/op
OverheadActual   9: 4096 op, 14700.00 ns, 3.5889 ns/op
OverheadActual  10: 4096 op, 15600.00 ns, 3.8086 ns/op
OverheadActual  11: 4096 op, 16000.00 ns, 3.9063 ns/op
OverheadActual  12: 4096 op, 14700.00 ns, 3.5889 ns/op
OverheadActual  13: 4096 op, 28500.00 ns, 6.9580 ns/op
OverheadActual  14: 4096 op, 14500.00 ns, 3.5400 ns/op
OverheadActual  15: 4096 op, 25200.00 ns, 6.1523 ns/op
OverheadActual  16: 4096 op, 14500.00 ns, 3.5400 ns/op
OverheadActual  17: 4096 op, 14600.00 ns, 3.5645 ns/op
OverheadActual  18: 4096 op, 14500.00 ns, 3.5400 ns/op
OverheadActual  19: 4096 op, 17200.00 ns, 4.1992 ns/op
OverheadActual  20: 4096 op, 54700.00 ns, 13.3545 ns/op

WorkloadWarmup   1: 4096 op, 727581900.00 ns, 177.6323 us/op
WorkloadWarmup   2: 4096 op, 703659500.00 ns, 171.7919 us/op
WorkloadWarmup   3: 4096 op, 701550100.00 ns, 171.2769 us/op
WorkloadWarmup   4: 4096 op, 698501300.00 ns, 170.5325 us/op
WorkloadWarmup   5: 4096 op, 702269500.00 ns, 171.4525 us/op
WorkloadWarmup   6: 4096 op, 702757800.00 ns, 171.5717 us/op
WorkloadWarmup   7: 4096 op, 731085200.00 ns, 178.4876 us/op
WorkloadWarmup   8: 4096 op, 720898500.00 ns, 176.0006 us/op
WorkloadWarmup   9: 4096 op, 717593000.00 ns, 175.1936 us/op
WorkloadWarmup  10: 4096 op, 733711300.00 ns, 179.1287 us/op
WorkloadWarmup  11: 4096 op, 710245800.00 ns, 173.3999 us/op

// BeforeActualRun
WorkloadActual   1: 4096 op, 715569000.00 ns, 174.6995 us/op
WorkloadActual   2: 4096 op, 706147500.00 ns, 172.3993 us/op
WorkloadActual   3: 4096 op, 701559600.00 ns, 171.2792 us/op
WorkloadActual   4: 4096 op, 716869600.00 ns, 175.0170 us/op
WorkloadActual   5: 4096 op, 719508000.00 ns, 175.6611 us/op
WorkloadActual   6: 4096 op, 716409900.00 ns, 174.9048 us/op
WorkloadActual   7: 4096 op, 719947300.00 ns, 175.7684 us/op
WorkloadActual   8: 4096 op, 736446500.00 ns, 179.7965 us/op
WorkloadActual   9: 4096 op, 758137900.00 ns, 185.0923 us/op
WorkloadActual  10: 4096 op, 802391900.00 ns, 195.8965 us/op
WorkloadActual  11: 4096 op, 757385300.00 ns, 184.9085 us/op
WorkloadActual  12: 4096 op, 750202100.00 ns, 183.1548 us/op
WorkloadActual  13: 4096 op, 710992500.00 ns, 173.5822 us/op
WorkloadActual  14: 4096 op, 720489200.00 ns, 175.9007 us/op
WorkloadActual  15: 4096 op, 698822300.00 ns, 170.6109 us/op
WorkloadActual  16: 4096 op, 703439100.00 ns, 171.7381 us/op
WorkloadActual  17: 4096 op, 703286200.00 ns, 171.7007 us/op
WorkloadActual  18: 4096 op, 729795300.00 ns, 178.1727 us/op
WorkloadActual  19: 4096 op, 704917400.00 ns, 172.0990 us/op
WorkloadActual  20: 4096 op, 703433500.00 ns, 171.7367 us/op
WorkloadActual  21: 4096 op, 699720400.00 ns, 170.8302 us/op
WorkloadActual  22: 4096 op, 698749800.00 ns, 170.5932 us/op
WorkloadActual  23: 4096 op, 709368000.00 ns, 173.1855 us/op

// AfterActualRun
WorkloadResult   1: 4096 op, 715554200.00 ns, 174.6958 us/op
WorkloadResult   2: 4096 op, 706132700.00 ns, 172.3957 us/op
WorkloadResult   3: 4096 op, 701544800.00 ns, 171.2756 us/op
WorkloadResult   4: 4096 op, 716854800.00 ns, 175.0134 us/op
WorkloadResult   5: 4096 op, 719493200.00 ns, 175.6575 us/op
WorkloadResult   6: 4096 op, 716395100.00 ns, 174.9011 us/op
WorkloadResult   7: 4096 op, 719932500.00 ns, 175.7648 us/op
WorkloadResult   8: 4096 op, 736431700.00 ns, 179.7929 us/op
WorkloadResult   9: 4096 op, 757370500.00 ns, 184.9049 us/op
WorkloadResult  10: 4096 op, 750187300.00 ns, 183.1512 us/op
WorkloadResult  11: 4096 op, 710977700.00 ns, 173.5785 us/op
WorkloadResult  12: 4096 op, 720474400.00 ns, 175.8971 us/op
WorkloadResult  13: 4096 op, 698807500.00 ns, 170.6073 us/op
WorkloadResult  14: 4096 op, 703424300.00 ns, 171.7344 us/op
WorkloadResult  15: 4096 op, 703271400.00 ns, 171.6971 us/op
WorkloadResult  16: 4096 op, 729780500.00 ns, 178.1691 us/op
WorkloadResult  17: 4096 op, 704902600.00 ns, 172.0954 us/op
WorkloadResult  18: 4096 op, 703418700.00 ns, 171.7331 us/op
WorkloadResult  19: 4096 op, 699705600.00 ns, 170.8266 us/op
WorkloadResult  20: 4096 op, 698735000.00 ns, 170.5896 us/op
WorkloadResult  21: 4096 op, 709353200.00 ns, 173.1819 us/op

// AfterAll
// Benchmark Process 18308 has exited with code 0.

Mean = 174.651 μs, StdErr = 0.873 μs (0.50%), N = 21, StdDev = 3.998 μs
Min = 170.590 μs, Q1 = 171.733 μs, Median = 173.579 μs, Q3 = 175.765 μs, Max = 184.905 μs
IQR = 4.032 μs, LowerFence = 165.686 μs, UpperFence = 181.812 μs
ConfidenceInterval = [171.292 μs; 178.009 μs] (CI 99.9%), Margin = 3.359 μs (1.92% of Mean)
Skewness = 1.15, Kurtosis = 3.41, MValue = 2

// ** Remained 5 (62.5%) benchmark(s) to run. Estimated finish 2026-09-16 17:33 (0h 1m from now) **
Setup power plan (GUID: 8c5e7fda-e8bf-4a96-9a85-a6e23a8c635c FriendlyName: High performance)
// **************************
// Benchmark: StringConcatenationBenchmark.StringBuilderConcatenation: DefaultJob [Iterations=1000]
// *** Execute ***
// Launch: 1 / 1
// Execute: dotnet ConsoleApp1-DefaultJob-1.dll --anonymousPipes 1436 1444 --benchmarkName "StringConcatenationBenchmark.StringBuilderConcatenation(Iterations: 1000)" --job Default --benchmarkId 3 in D:\The journey\Simulation\CSharp_Basics\Lecture 3\abdallahbdreldin-Assignment-4\submission\assignment\bin\Release\net8.0\ConsoleApp1-DefaultJob-1\bin\Release\net8.0
// BeforeAnythingElse

// Benchmark Process Environment Information:
// BenchmarkDotNet v0.15.8
// Runtime=.NET 8.0.31 (8.0.31, 8.0.3126.42015), X64 RyuJIT x86-64-v3
// GC=Concurrent Workstation
// HardwareIntrinsics=AVX2+BMI1+BMI2+F16C+FMA+LZCNT+MOVBE,AVX,SSE3+SSSE3+SSE4.1+SSE4.2+POPCNT,X86Base+SSE+SSE2,AES+PCLMUL VectorSize=256
// Job: DefaultJob

OverheadJitting  1: 1 op, 156100.00 ns, 156.1000 us/op
WorkloadJitting  1: 1 op, 290900.00 ns, 290.9000 us/op

OverheadJitting  2: 16 op, 457600.00 ns, 28.6000 us/op
WorkloadJitting  2: 16 op, 7171700.00 ns, 448.2313 us/op

WorkloadPilot    1: 16 op, 334400.00 ns, 20.9000 us/op
WorkloadPilot    2: 32 op, 704400.00 ns, 22.0125 us/op
WorkloadPilot    3: 64 op, 1253700.00 ns, 19.5891 us/op
WorkloadPilot    4: 128 op, 2153600.00 ns, 16.8250 us/op
WorkloadPilot    5: 256 op, 4502200.00 ns, 17.5867 us/op
WorkloadPilot    6: 512 op, 8317300.00 ns, 16.2447 us/op
WorkloadPilot    7: 1024 op, 14955000.00 ns, 14.6045 us/op
WorkloadPilot    8: 2048 op, 30120800.00 ns, 14.7074 us/op
WorkloadPilot    9: 4096 op, 56606000.00 ns, 13.8198 us/op
WorkloadPilot   10: 8192 op, 104979400.00 ns, 12.8149 us/op
WorkloadPilot   11: 16384 op, 123395400.00 ns, 7.5315 us/op
WorkloadPilot   12: 32768 op, 174191000.00 ns, 5.3159 us/op
WorkloadPilot   13: 65536 op, 357024800.00 ns, 5.4478 us/op
WorkloadPilot   14: 131072 op, 729400200.00 ns, 5.5649 us/op

OverheadWarmup   1: 131072 op, 540700.00 ns, 4.1252 ns/op
OverheadWarmup   2: 131072 op, 587500.00 ns, 4.4823 ns/op
OverheadWarmup   3: 131072 op, 454100.00 ns, 3.4645 ns/op
OverheadWarmup   4: 131072 op, 457900.00 ns, 3.4935 ns/op
OverheadWarmup   5: 131072 op, 453800.00 ns, 3.4622 ns/op

OverheadActual   1: 131072 op, 604000.00 ns, 4.6082 ns/op
OverheadActual   2: 131072 op, 503900.00 ns, 3.8445 ns/op
OverheadActual   3: 131072 op, 493300.00 ns, 3.7636 ns/op
OverheadActual   4: 131072 op, 458900.00 ns, 3.5011 ns/op
OverheadActual   5: 131072 op, 449900.00 ns, 3.4325 ns/op
OverheadActual   6: 131072 op, 476800.00 ns, 3.6377 ns/op
OverheadActual   7: 131072 op, 631500.00 ns, 4.8180 ns/op
OverheadActual   8: 131072 op, 470700.00 ns, 3.5912 ns/op
OverheadActual   9: 131072 op, 456400.00 ns, 3.4821 ns/op
OverheadActual  10: 131072 op, 515700.00 ns, 3.9345 ns/op
OverheadActual  11: 131072 op, 458500.00 ns, 3.4981 ns/op
OverheadActual  12: 131072 op, 733500.00 ns, 5.5962 ns/op
OverheadActual  13: 131072 op, 486200.00 ns, 3.7094 ns/op
OverheadActual  14: 131072 op, 463600.00 ns, 3.5370 ns/op
OverheadActual  15: 131072 op, 596000.00 ns, 4.5471 ns/op
OverheadActual  16: 131072 op, 522100.00 ns, 3.9833 ns/op
OverheadActual  17: 131072 op, 678200.00 ns, 5.1743 ns/op
OverheadActual  18: 131072 op, 547500.00 ns, 4.1771 ns/op
OverheadActual  19: 131072 op, 453900.00 ns, 3.4630 ns/op
OverheadActual  20: 131072 op, 452000.00 ns, 3.4485 ns/op

WorkloadWarmup   1: 131072 op, 758171600.00 ns, 5.7844 us/op
WorkloadWarmup   2: 131072 op, 708497500.00 ns, 5.4054 us/op
WorkloadWarmup   3: 131072 op, 731458100.00 ns, 5.5806 us/op
WorkloadWarmup   4: 131072 op, 751225000.00 ns, 5.7314 us/op
WorkloadWarmup   5: 131072 op, 733491600.00 ns, 5.5961 us/op
WorkloadWarmup   6: 131072 op, 789193300.00 ns, 6.0211 us/op
WorkloadWarmup   7: 131072 op, 732444200.00 ns, 5.5881 us/op

// BeforeActualRun
WorkloadActual   1: 131072 op, 720963100.00 ns, 5.5005 us/op
WorkloadActual   2: 131072 op, 717933900.00 ns, 5.4774 us/op
WorkloadActual   3: 131072 op, 715469700.00 ns, 5.4586 us/op
WorkloadActual   4: 131072 op, 820592000.00 ns, 6.2606 us/op
WorkloadActual   5: 131072 op, 725388400.00 ns, 5.5343 us/op
WorkloadActual   6: 131072 op, 764046500.00 ns, 5.8292 us/op
WorkloadActual   7: 131072 op, 775499000.00 ns, 5.9166 us/op
WorkloadActual   8: 131072 op, 815035100.00 ns, 6.2182 us/op
WorkloadActual   9: 131072 op, 715412000.00 ns, 5.4582 us/op
WorkloadActual  10: 131072 op, 706964100.00 ns, 5.3937 us/op
WorkloadActual  11: 131072 op, 795658000.00 ns, 6.0704 us/op
WorkloadActual  12: 131072 op, 811834000.00 ns, 6.1938 us/op
WorkloadActual  13: 131072 op, 774420300.00 ns, 5.9084 us/op
WorkloadActual  14: 131072 op, 783503600.00 ns, 5.9777 us/op
WorkloadActual  15: 131072 op, 832250100.00 ns, 6.3496 us/op
WorkloadActual  16: 131072 op, 807949500.00 ns, 6.1642 us/op
WorkloadActual  17: 131072 op, 720625700.00 ns, 5.4979 us/op
WorkloadActual  18: 131072 op, 801233400.00 ns, 6.1129 us/op
WorkloadActual  19: 131072 op, 740596100.00 ns, 5.6503 us/op
WorkloadActual  20: 131072 op, 730626100.00 ns, 5.5742 us/op
WorkloadActual  21: 131072 op, 813715600.00 ns, 6.2082 us/op
WorkloadActual  22: 131072 op, 708164500.00 ns, 5.4029 us/op
WorkloadActual  23: 131072 op, 699936600.00 ns, 5.3401 us/op
WorkloadActual  24: 131072 op, 702002600.00 ns, 5.3559 us/op
WorkloadActual  25: 131072 op, 728674400.00 ns, 5.5593 us/op
WorkloadActual  26: 131072 op, 721915500.00 ns, 5.5078 us/op
WorkloadActual  27: 131072 op, 795164600.00 ns, 6.0666 us/op
WorkloadActual  28: 131072 op, 720559000.00 ns, 5.4974 us/op
WorkloadActual  29: 131072 op, 745395000.00 ns, 5.6869 us/op
WorkloadActual  30: 131072 op, 736571400.00 ns, 5.6196 us/op
WorkloadActual  31: 131072 op, 720620300.00 ns, 5.4979 us/op
WorkloadActual  32: 131072 op, 711710500.00 ns, 5.4299 us/op
WorkloadActual  33: 131072 op, 705933600.00 ns, 5.3858 us/op
WorkloadActual  34: 131072 op, 711577300.00 ns, 5.4289 us/op
WorkloadActual  35: 131072 op, 713335700.00 ns, 5.4423 us/op
WorkloadActual  36: 131072 op, 714069800.00 ns, 5.4479 us/op
WorkloadActual  37: 131072 op, 705607900.00 ns, 5.3834 us/op
WorkloadActual  38: 131072 op, 697017700.00 ns, 5.3178 us/op
WorkloadActual  39: 131072 op, 698349400.00 ns, 5.3280 us/op
WorkloadActual  40: 131072 op, 706184000.00 ns, 5.3878 us/op
WorkloadActual  41: 131072 op, 702217300.00 ns, 5.3575 us/op
WorkloadActual  42: 131072 op, 711551600.00 ns, 5.4287 us/op
WorkloadActual  43: 131072 op, 714838400.00 ns, 5.4538 us/op
WorkloadActual  44: 131072 op, 692298900.00 ns, 5.2818 us/op
WorkloadActual  45: 131072 op, 709898100.00 ns, 5.4161 us/op
WorkloadActual  46: 131072 op, 713166000.00 ns, 5.4410 us/op
WorkloadActual  47: 131072 op, 694828500.00 ns, 5.3011 us/op
WorkloadActual  48: 131072 op, 694947400.00 ns, 5.3020 us/op
WorkloadActual  49: 131072 op, 713757700.00 ns, 5.4455 us/op
WorkloadActual  50: 131072 op, 720126900.00 ns, 5.4941 us/op
WorkloadActual  51: 131072 op, 710662800.00 ns, 5.4219 us/op
WorkloadActual  52: 131072 op, 719680500.00 ns, 5.4907 us/op
WorkloadActual  53: 131072 op, 698590300.00 ns, 5.3298 us/op
WorkloadActual  54: 131072 op, 691599300.00 ns, 5.2765 us/op

// AfterActualRun
WorkloadResult   1: 131072 op, 720473350.00 ns, 5.4968 us/op
WorkloadResult   2: 131072 op, 717444150.00 ns, 5.4737 us/op
WorkloadResult   3: 131072 op, 714979950.00 ns, 5.4549 us/op
WorkloadResult   4: 131072 op, 724898650.00 ns, 5.5305 us/op
WorkloadResult   5: 131072 op, 763556750.00 ns, 5.8255 us/op
WorkloadResult   6: 131072 op, 775009250.00 ns, 5.9129 us/op
WorkloadResult   7: 131072 op, 714922250.00 ns, 5.4544 us/op
WorkloadResult   8: 131072 op, 706474350.00 ns, 5.3900 us/op
WorkloadResult   9: 131072 op, 795168250.00 ns, 6.0667 us/op
WorkloadResult  10: 131072 op, 773930550.00 ns, 5.9046 us/op
WorkloadResult  11: 131072 op, 783013850.00 ns, 5.9739 us/op
WorkloadResult  12: 131072 op, 720135950.00 ns, 5.4942 us/op
WorkloadResult  13: 131072 op, 740106350.00 ns, 5.6466 us/op
WorkloadResult  14: 131072 op, 730136350.00 ns, 5.5705 us/op
WorkloadResult  15: 131072 op, 707674750.00 ns, 5.3991 us/op
WorkloadResult  16: 131072 op, 699446850.00 ns, 5.3364 us/op
WorkloadResult  17: 131072 op, 701512850.00 ns, 5.3521 us/op
WorkloadResult  18: 131072 op, 728184650.00 ns, 5.5556 us/op
WorkloadResult  19: 131072 op, 721425750.00 ns, 5.5040 us/op
WorkloadResult  20: 131072 op, 794674850.00 ns, 6.0629 us/op
WorkloadResult  21: 131072 op, 720069250.00 ns, 5.4937 us/op
WorkloadResult  22: 131072 op, 744905250.00 ns, 5.6832 us/op
WorkloadResult  23: 131072 op, 736081650.00 ns, 5.6159 us/op
WorkloadResult  24: 131072 op, 720130550.00 ns, 5.4942 us/op
WorkloadResult  25: 131072 op, 711220750.00 ns, 5.4262 us/op
WorkloadResult  26: 131072 op, 705443850.00 ns, 5.3821 us/op
WorkloadResult  27: 131072 op, 711087550.00 ns, 5.4252 us/op
WorkloadResult  28: 131072 op, 712845950.00 ns, 5.4386 us/op
WorkloadResult  29: 131072 op, 713580050.00 ns, 5.4442 us/op
WorkloadResult  30: 131072 op, 705118150.00 ns, 5.3796 us/op
WorkloadResult  31: 131072 op, 696527950.00 ns, 5.3141 us/op
WorkloadResult  32: 131072 op, 697859650.00 ns, 5.3242 us/op
WorkloadResult  33: 131072 op, 705694250.00 ns, 5.3840 us/op
WorkloadResult  34: 131072 op, 701727550.00 ns, 5.3538 us/op
WorkloadResult  35: 131072 op, 711061850.00 ns, 5.4250 us/op
WorkloadResult  36: 131072 op, 714348650.00 ns, 5.4500 us/op
WorkloadResult  37: 131072 op, 691809150.00 ns, 5.2781 us/op
WorkloadResult  38: 131072 op, 709408350.00 ns, 5.4124 us/op
WorkloadResult  39: 131072 op, 712676250.00 ns, 5.4373 us/op
WorkloadResult  40: 131072 op, 694338750.00 ns, 5.2974 us/op
WorkloadResult  41: 131072 op, 694457650.00 ns, 5.2983 us/op
WorkloadResult  42: 131072 op, 713267950.00 ns, 5.4418 us/op
WorkloadResult  43: 131072 op, 719637150.00 ns, 5.4904 us/op
WorkloadResult  44: 131072 op, 710173050.00 ns, 5.4182 us/op
WorkloadResult  45: 131072 op, 719190750.00 ns, 5.4870 us/op
WorkloadResult  46: 131072 op, 698100550.00 ns, 5.3261 us/op
WorkloadResult  47: 131072 op, 691109550.00 ns, 5.2727 us/op

// AfterAll
// Benchmark Process 380 has exited with code 0.

Mean = 5.502 μs, StdErr = 0.029 μs (0.53%), N = 47, StdDev = 0.200 μs
Min = 5.273 μs, Q1 = 5.383 μs, Median = 5.444 μs, Q3 = 5.517 μs, Max = 6.067 μs
IQR = 0.134 μs, LowerFence = 5.182 μs, UpperFence = 5.719 μs
ConfidenceInterval = [5.399 μs; 5.605 μs] (CI 99.9%), Margin = 0.103 μs (1.87% of Mean)
Skewness = 1.48, Kurtosis = 4.39, MValue = 2

// ** Remained 4 (50.0%) benchmark(s) to run. Estimated finish 2026-09-16 17:34 (0h 1m from now) **
Setup power plan (GUID: 8c5e7fda-e8bf-4a96-9a85-a6e23a8c635c FriendlyName: High performance)
// **************************
// Benchmark: StringConcatenationBenchmark.StringConcatenation: DefaultJob [Iterations=10000]
// *** Execute ***
// Launch: 1 / 1
// Execute: dotnet ConsoleApp1-DefaultJob-1.dll --anonymousPipes 1536 1360 --benchmarkName "StringConcatenationBenchmark.StringConcatenation(Iterations: 10000)" --job Default --benchmarkId 4 in D:\The journey\Simulation\CSharp_Basics\Lecture 3\abdallahbdreldin-Assignment-4\submission\assignment\bin\Release\net8.0\ConsoleApp1-DefaultJob-1\bin\Release\net8.0
// BeforeAnythingElse

// Benchmark Process Environment Information:
// BenchmarkDotNet v0.15.8
// Runtime=.NET 8.0.31 (8.0.31, 8.0.3126.42015), X64 RyuJIT x86-64-v3
// GC=Concurrent Workstation
// HardwareIntrinsics=AVX2+BMI1+BMI2+F16C+FMA+LZCNT+MOVBE,AVX,SSE3+SSSE3+SSE4.1+SSE4.2+POPCNT,X86Base+SSE+SSE2,AES+PCLMUL VectorSize=256
// Job: DefaultJob

OverheadJitting  1: 1 op, 158400.00 ns, 158.4000 us/op
WorkloadJitting  1: 1 op, 29372700.00 ns, 29.3727 ms/op

OverheadJitting  2: 16 op, 486300.00 ns, 30.3938 us/op
WorkloadJitting  2: 16 op, 372393400.00 ns, 23.2746 ms/op

WorkloadPilot    1: 16 op, 371962000.00 ns, 23.2476 ms/op
WorkloadPilot    2: 32 op, 725651600.00 ns, 22.6766 ms/op

OverheadWarmup   1: 32 op, 800.00 ns, 25.0000 ns/op
OverheadWarmup   2: 32 op, 500.00 ns, 15.6250 ns/op
OverheadWarmup   3: 32 op, 800.00 ns, 25.0000 ns/op
OverheadWarmup   4: 32 op, 800.00 ns, 25.0000 ns/op
OverheadWarmup   5: 32 op, 600.00 ns, 18.7500 ns/op
OverheadWarmup   6: 32 op, 600.00 ns, 18.7500 ns/op

OverheadActual   1: 32 op, 800.00 ns, 25.0000 ns/op
OverheadActual   2: 32 op, 800.00 ns, 25.0000 ns/op
OverheadActual   3: 32 op, 600.00 ns, 18.7500 ns/op
OverheadActual   4: 32 op, 500.00 ns, 15.6250 ns/op
OverheadActual   5: 32 op, 500.00 ns, 15.6250 ns/op
OverheadActual   6: 32 op, 2100.00 ns, 65.6250 ns/op
OverheadActual   7: 32 op, 700.00 ns, 21.8750 ns/op
OverheadActual   8: 32 op, 500.00 ns, 15.6250 ns/op
OverheadActual   9: 32 op, 600.00 ns, 18.7500 ns/op
OverheadActual  10: 32 op, 500.00 ns, 15.6250 ns/op
OverheadActual  11: 32 op, 700.00 ns, 21.8750 ns/op
OverheadActual  12: 32 op, 500.00 ns, 15.6250 ns/op
OverheadActual  13: 32 op, 500.00 ns, 15.6250 ns/op
OverheadActual  14: 32 op, 1100.00 ns, 34.3750 ns/op
OverheadActual  15: 32 op, 600.00 ns, 18.7500 ns/op
OverheadActual  16: 32 op, 500.00 ns, 15.6250 ns/op
OverheadActual  17: 32 op, 600.00 ns, 18.7500 ns/op
OverheadActual  18: 32 op, 600.00 ns, 18.7500 ns/op
OverheadActual  19: 32 op, 600.00 ns, 18.7500 ns/op
OverheadActual  20: 32 op, 700.00 ns, 21.8750 ns/op

WorkloadWarmup   1: 32 op, 737428100.00 ns, 23.0446 ms/op
WorkloadWarmup   2: 32 op, 732855500.00 ns, 22.9017 ms/op
WorkloadWarmup   3: 32 op, 721834400.00 ns, 22.5573 ms/op
WorkloadWarmup   4: 32 op, 734876100.00 ns, 22.9649 ms/op
WorkloadWarmup   5: 32 op, 734304800.00 ns, 22.9470 ms/op
WorkloadWarmup   6: 32 op, 738045700.00 ns, 23.0639 ms/op
WorkloadWarmup   7: 32 op, 747186800.00 ns, 23.3496 ms/op
WorkloadWarmup   8: 32 op, 721050800.00 ns, 22.5328 ms/op

// BeforeActualRun
WorkloadActual   1: 32 op, 734055500.00 ns, 22.9392 ms/op
WorkloadActual   2: 32 op, 760182400.00 ns, 23.7557 ms/op
WorkloadActual   3: 32 op, 731390300.00 ns, 22.8559 ms/op
WorkloadActual   4: 32 op, 719460500.00 ns, 22.4831 ms/op
WorkloadActual   5: 32 op, 726854300.00 ns, 22.7142 ms/op
WorkloadActual   6: 32 op, 719043300.00 ns, 22.4701 ms/op
WorkloadActual   7: 32 op, 728149400.00 ns, 22.7547 ms/op
WorkloadActual   8: 32 op, 734396400.00 ns, 22.9499 ms/op
WorkloadActual   9: 32 op, 730039400.00 ns, 22.8137 ms/op
WorkloadActual  10: 32 op, 749044500.00 ns, 23.4076 ms/op
WorkloadActual  11: 32 op, 716370900.00 ns, 22.3866 ms/op
WorkloadActual  12: 32 op, 718739400.00 ns, 22.4606 ms/op
WorkloadActual  13: 32 op, 730731800.00 ns, 22.8354 ms/op
WorkloadActual  14: 32 op, 735237400.00 ns, 22.9762 ms/op
WorkloadActual  15: 32 op, 755972000.00 ns, 23.6241 ms/op

// AfterActualRun
WorkloadResult   1: 32 op, 734054900.00 ns, 22.9392 ms/op
WorkloadResult   2: 32 op, 731389700.00 ns, 22.8559 ms/op
WorkloadResult   3: 32 op, 719459900.00 ns, 22.4831 ms/op
WorkloadResult   4: 32 op, 726853700.00 ns, 22.7142 ms/op
WorkloadResult   5: 32 op, 719042700.00 ns, 22.4701 ms/op
WorkloadResult   6: 32 op, 728148800.00 ns, 22.7547 ms/op
WorkloadResult   7: 32 op, 734395800.00 ns, 22.9499 ms/op
WorkloadResult   8: 32 op, 730038800.00 ns, 22.8137 ms/op
WorkloadResult   9: 32 op, 749043900.00 ns, 23.4076 ms/op
WorkloadResult  10: 32 op, 716370300.00 ns, 22.3866 ms/op
WorkloadResult  11: 32 op, 718738800.00 ns, 22.4606 ms/op
WorkloadResult  12: 32 op, 730731200.00 ns, 22.8354 ms/op
WorkloadResult  13: 32 op, 735236800.00 ns, 22.9762 ms/op

// AfterAll
// Benchmark Process 10592 has exited with code 0.

Mean = 22.773 ms, StdErr = 0.078 ms (0.34%), N = 13, StdDev = 0.280 ms
Min = 22.387 ms, Q1 = 22.483 ms, Median = 22.814 ms, Q3 = 22.939 ms, Max = 23.408 ms
IQR = 0.456 ms, LowerFence = 21.799 ms, UpperFence = 23.623 ms
ConfidenceInterval = [22.437 ms; 23.108 ms] (CI 99.9%), Margin = 0.335 ms (1.47% of Mean)
Skewness = 0.47, Kurtosis = 2.66, MValue = 2

// ** Remained 3 (37.5%) benchmark(s) to run. Estimated finish 2026-09-16 17:34 (0h 1m from now) **
Setup power plan (GUID: 8c5e7fda-e8bf-4a96-9a85-a6e23a8c635c FriendlyName: High performance)
// **************************
// Benchmark: StringConcatenationBenchmark.StringBuilderConcatenation: DefaultJob [Iterations=10000]
// *** Execute ***
// Launch: 1 / 1
// Execute: dotnet ConsoleApp1-DefaultJob-1.dll --anonymousPipes 1496 1492 --benchmarkName "StringConcatenationBenchmark.StringBuilderConcatenation(Iterations: 10000)" --job Default --benchmarkId 5 in D:\The journey\Simulation\CSharp_Basics\Lecture 3\abdallahbdreldin-Assignment-4\submission\assignment\bin\Release\net8.0\ConsoleApp1-DefaultJob-1\bin\Release\net8.0
// BeforeAnythingElse

// Benchmark Process Environment Information:
// BenchmarkDotNet v0.15.8
// Runtime=.NET 8.0.31 (8.0.31, 8.0.3126.42015), X64 RyuJIT x86-64-v3
// GC=Concurrent Workstation
// HardwareIntrinsics=AVX2+BMI1+BMI2+F16C+FMA+LZCNT+MOVBE,AVX,SSE3+SSSE3+SSE4.1+SSE4.2+POPCNT,X86Base+SSE+SSE2,AES+PCLMUL VectorSize=256
// Job: DefaultJob

OverheadJitting  1: 1 op, 157600.00 ns, 157.6000 us/op
WorkloadJitting  1: 1 op, 6929800.00 ns, 6.9298 ms/op

OverheadJitting  2: 16 op, 707400.00 ns, 44.2125 us/op
WorkloadJitting  2: 16 op, 2203900.00 ns, 137.7438 us/op

WorkloadPilot    1: 16 op, 1439300.00 ns, 89.9563 us/op
WorkloadPilot    2: 32 op, 2853300.00 ns, 89.1656 us/op
WorkloadPilot    3: 64 op, 4645300.00 ns, 72.5828 us/op
WorkloadPilot    4: 128 op, 8899700.00 ns, 69.5289 us/op
WorkloadPilot    5: 256 op, 15843300.00 ns, 61.8879 us/op
WorkloadPilot    6: 512 op, 31108600.00 ns, 60.7590 us/op
WorkloadPilot    7: 1024 op, 61836700.00 ns, 60.3874 us/op
WorkloadPilot    8: 2048 op, 123189200.00 ns, 60.1510 us/op
WorkloadPilot    9: 4096 op, 261903100.00 ns, 63.9412 us/op
WorkloadPilot   10: 8192 op, 463177100.00 ns, 56.5402 us/op
WorkloadPilot   11: 16384 op, 910958700.00 ns, 55.6005 us/op

OverheadWarmup   1: 16384 op, 63500.00 ns, 3.8757 ns/op
OverheadWarmup   2: 16384 op, 151400.00 ns, 9.2407 ns/op
OverheadWarmup   3: 16384 op, 57900.00 ns, 3.5339 ns/op
OverheadWarmup   4: 16384 op, 57400.00 ns, 3.5034 ns/op
OverheadWarmup   5: 16384 op, 58400.00 ns, 3.5645 ns/op
OverheadWarmup   6: 16384 op, 61700.00 ns, 3.7659 ns/op
OverheadWarmup   7: 16384 op, 98800.00 ns, 6.0303 ns/op
OverheadWarmup   8: 16384 op, 116400.00 ns, 7.1045 ns/op
OverheadWarmup   9: 16384 op, 58500.00 ns, 3.5706 ns/op

OverheadActual   1: 16384 op, 71200.00 ns, 4.3457 ns/op
OverheadActual   2: 16384 op, 57900.00 ns, 3.5339 ns/op
OverheadActual   3: 16384 op, 56900.00 ns, 3.4729 ns/op
OverheadActual   4: 16384 op, 58300.00 ns, 3.5583 ns/op
OverheadActual   5: 16384 op, 57600.00 ns, 3.5156 ns/op
OverheadActual   6: 16384 op, 63000.00 ns, 3.8452 ns/op
OverheadActual   7: 16384 op, 56500.00 ns, 3.4485 ns/op
OverheadActual   8: 16384 op, 73700.00 ns, 4.4983 ns/op
OverheadActual   9: 16384 op, 56700.00 ns, 3.4607 ns/op
OverheadActual  10: 16384 op, 57300.00 ns, 3.4973 ns/op
OverheadActual  11: 16384 op, 57300.00 ns, 3.4973 ns/op
OverheadActual  12: 16384 op, 66900.00 ns, 4.0833 ns/op
OverheadActual  13: 16384 op, 74400.00 ns, 4.5410 ns/op
OverheadActual  14: 16384 op, 58600.00 ns, 3.5767 ns/op
OverheadActual  15: 16384 op, 57400.00 ns, 3.5034 ns/op
OverheadActual  16: 16384 op, 76600.00 ns, 4.6753 ns/op
OverheadActual  17: 16384 op, 56900.00 ns, 3.4729 ns/op
OverheadActual  18: 16384 op, 57600.00 ns, 3.5156 ns/op
OverheadActual  19: 16384 op, 63400.00 ns, 3.8696 ns/op
OverheadActual  20: 16384 op, 115200.00 ns, 7.0313 ns/op

WorkloadWarmup   1: 16384 op, 892312600.00 ns, 54.4624 us/op
WorkloadWarmup   2: 16384 op, 901410800.00 ns, 55.0177 us/op
WorkloadWarmup   3: 16384 op, 919600900.00 ns, 56.1280 us/op
WorkloadWarmup   4: 16384 op, 906705800.00 ns, 55.3409 us/op
WorkloadWarmup   5: 16384 op, 888879100.00 ns, 54.2529 us/op
WorkloadWarmup   6: 16384 op, 852545400.00 ns, 52.0352 us/op
WorkloadWarmup   7: 16384 op, 861590500.00 ns, 52.5873 us/op
WorkloadWarmup   8: 16384 op, 848508100.00 ns, 51.7888 us/op

// BeforeActualRun
WorkloadActual   1: 16384 op, 871161300.00 ns, 53.1715 us/op
WorkloadActual   2: 16384 op, 863480800.00 ns, 52.7027 us/op
WorkloadActual   3: 16384 op, 871269500.00 ns, 53.1781 us/op
WorkloadActual   4: 16384 op, 867410700.00 ns, 52.9425 us/op
WorkloadActual   5: 16384 op, 874682400.00 ns, 53.3864 us/op
WorkloadActual   6: 16384 op, 869994100.00 ns, 53.1002 us/op
WorkloadActual   7: 16384 op, 846312800.00 ns, 51.6548 us/op
WorkloadActual   8: 16384 op, 857988200.00 ns, 52.3674 us/op
WorkloadActual   9: 16384 op, 858305800.00 ns, 52.3868 us/op
WorkloadActual  10: 16384 op, 846148600.00 ns, 51.6448 us/op
WorkloadActual  11: 16384 op, 866732000.00 ns, 52.9011 us/op
WorkloadActual  12: 16384 op, 867722000.00 ns, 52.9615 us/op
WorkloadActual  13: 16384 op, 831984400.00 ns, 50.7803 us/op
WorkloadActual  14: 16384 op, 875875100.00 ns, 53.4592 us/op
WorkloadActual  15: 16384 op, 871393300.00 ns, 53.1856 us/op

// AfterActualRun
WorkloadResult   1: 16384 op, 871103200.00 ns, 53.1679 us/op
WorkloadResult   2: 16384 op, 863422700.00 ns, 52.6991 us/op
WorkloadResult   3: 16384 op, 871211400.00 ns, 53.1745 us/op
WorkloadResult   4: 16384 op, 867352600.00 ns, 52.9390 us/op
WorkloadResult   5: 16384 op, 874624300.00 ns, 53.3828 us/op
WorkloadResult   6: 16384 op, 869936000.00 ns, 53.0967 us/op
WorkloadResult   7: 16384 op, 846254700.00 ns, 51.6513 us/op
WorkloadResult   8: 16384 op, 857930100.00 ns, 52.3639 us/op
WorkloadResult   9: 16384 op, 858247700.00 ns, 52.3833 us/op
WorkloadResult  10: 16384 op, 846090500.00 ns, 51.6413 us/op
WorkloadResult  11: 16384 op, 866673900.00 ns, 52.8976 us/op
WorkloadResult  12: 16384 op, 867663900.00 ns, 52.9580 us/op
WorkloadResult  13: 16384 op, 831926300.00 ns, 50.7768 us/op
WorkloadResult  14: 16384 op, 875817000.00 ns, 53.4556 us/op
WorkloadResult  15: 16384 op, 871335200.00 ns, 53.1821 us/op

// AfterAll
// Benchmark Process 23172 has exited with code 0.

Mean = 52.651 μs, StdErr = 0.197 μs (0.37%), N = 15, StdDev = 0.762 μs
Min = 50.777 μs, Q1 = 52.374 μs, Median = 52.939 μs, Q3 = 53.171 μs, Max = 53.456 μs
IQR = 0.798 μs, LowerFence = 51.177 μs, UpperFence = 54.368 μs
ConfidenceInterval = [51.837 μs; 53.466 μs] (CI 99.9%), Margin = 0.815 μs (1.55% of Mean)
Skewness = -1.08, Kurtosis = 3.04, MValue = 2

// ** Remained 2 (25.0%) benchmark(s) to run. Estimated finish 2026-09-16 17:34 (0h 0m from now) **
Setup power plan (GUID: 8c5e7fda-e8bf-4a96-9a85-a6e23a8c635c FriendlyName: High performance)
// **************************
// Benchmark: StringConcatenationBenchmark.StringConcatenation: DefaultJob [Iterations=100000]
// *** Execute ***
// Launch: 1 / 1
// Execute: dotnet ConsoleApp1-DefaultJob-1.dll --anonymousPipes 1528 1572 --benchmarkName "StringConcatenationBenchmark.StringConcatenation(Iterations: 100000)" --job Default --benchmarkId 6 in D:\The journey\Simulation\CSharp_Basics\Lecture 3\abdallahbdreldin-Assignment-4\submission\assignment\bin\Release\net8.0\ConsoleApp1-DefaultJob-1\bin\Release\net8.0
// BeforeAnythingElse

// Benchmark Process Environment Information:
// BenchmarkDotNet v0.15.8
// Runtime=.NET 8.0.31 (8.0.31, 8.0.3126.42015), X64 RyuJIT x86-64-v3
// GC=Concurrent Workstation
// HardwareIntrinsics=AVX2+BMI1+BMI2+F16C+FMA+LZCNT+MOVBE,AVX,SSE3+SSSE3+SSE4.1+SSE4.2+POPCNT,X86Base+SSE+SSE2,AES+PCLMUL VectorSize=256
// Job: DefaultJob

OverheadJitting  1: 1 op, 154600.00 ns, 154.6000 us/op
WorkloadJitting  1: 1 op, 6322800200.00 ns, 6.3228 s/op

OverheadJitting  2: 1 op, 500.00 ns, 500.0000 ns/op
WorkloadJitting  2: 1 op, 6249136300.00 ns, 6.2491 s/op

WorkloadWarmup   1: 1 op, 6583730500.00 ns, 6.5837 s/op
WorkloadWarmup   2: 1 op, 7293303900.00 ns, 7.2933 s/op
WorkloadWarmup   3: 1 op, 7319395800.00 ns, 7.3194 s/op
WorkloadWarmup   4: 1 op, 6770113400.00 ns, 6.7701 s/op
WorkloadWarmup   5: 1 op, 8404549200.00 ns, 8.4045 s/op
WorkloadWarmup   6: 1 op, 6255532200.00 ns, 6.2555 s/op

// BeforeActualRun
WorkloadActual   1: 1 op, 6220372600.00 ns, 6.2204 s/op
WorkloadActual   2: 1 op, 6283276500.00 ns, 6.2833 s/op
WorkloadActual   3: 1 op, 6326346300.00 ns, 6.3263 s/op
WorkloadActual   4: 1 op, 7086606300.00 ns, 7.0866 s/op
WorkloadActual   5: 1 op, 7617545700.00 ns, 7.6175 s/op
WorkloadActual   6: 1 op, 6130175000.00 ns, 6.1302 s/op
WorkloadActual   7: 1 op, 6191948200.00 ns, 6.1919 s/op
WorkloadActual   8: 1 op, 6261740600.00 ns, 6.2617 s/op
WorkloadActual   9: 1 op, 6943198900.00 ns, 6.9432 s/op
WorkloadActual  10: 1 op, 6952692100.00 ns, 6.9527 s/op
WorkloadActual  11: 1 op, 6187189900.00 ns, 6.1872 s/op
WorkloadActual  12: 1 op, 6680208600.00 ns, 6.6802 s/op
WorkloadActual  13: 1 op, 8304375000.00 ns, 8.3044 s/op
WorkloadActual  14: 1 op, 6974281000.00 ns, 6.9743 s/op
WorkloadActual  15: 1 op, 6490795600.00 ns, 6.4908 s/op
WorkloadActual  16: 1 op, 7995273500.00 ns, 7.9953 s/op
WorkloadActual  17: 1 op, 7818485000.00 ns, 7.8185 s/op
WorkloadActual  18: 1 op, 8389066500.00 ns, 8.3891 s/op
WorkloadActual  19: 1 op, 6755005900.00 ns, 6.7550 s/op
WorkloadActual  20: 1 op, 7519412200.00 ns, 7.5194 s/op
WorkloadActual  21: 1 op, 8590447300.00 ns, 8.5904 s/op
WorkloadActual  22: 1 op, 6193237500.00 ns, 6.1932 s/op
WorkloadActual  23: 1 op, 6148864500.00 ns, 6.1489 s/op
WorkloadActual  24: 1 op, 6284974100.00 ns, 6.2850 s/op
WorkloadActual  25: 1 op, 6263391800.00 ns, 6.2634 s/op
WorkloadActual  26: 1 op, 7250887200.00 ns, 7.2509 s/op
WorkloadActual  27: 1 op, 6210558700.00 ns, 6.2106 s/op
WorkloadActual  28: 1 op, 6744444300.00 ns, 6.7444 s/op
WorkloadActual  29: 1 op, 6760836700.00 ns, 6.7608 s/op
WorkloadActual  30: 1 op, 6267255700.00 ns, 6.2673 s/op
WorkloadActual  31: 1 op, 6203593100.00 ns, 6.2036 s/op
WorkloadActual  32: 1 op, 6344905800.00 ns, 6.3449 s/op
WorkloadActual  33: 1 op, 7008872900.00 ns, 7.0089 s/op
WorkloadActual  34: 1 op, 6344493600.00 ns, 6.3445 s/op
WorkloadActual  35: 1 op, 7222953400.00 ns, 7.2230 s/op
WorkloadActual  36: 1 op, 6175165500.00 ns, 6.1752 s/op
WorkloadActual  37: 1 op, 6335410800.00 ns, 6.3354 s/op
WorkloadActual  38: 1 op, 7520105900.00 ns, 7.5201 s/op
WorkloadActual  39: 1 op, 6213440200.00 ns, 6.2134 s/op
WorkloadActual  40: 1 op, 6272481800.00 ns, 6.2725 s/op
WorkloadActual  41: 1 op, 7577668400.00 ns, 7.5777 s/op
WorkloadActual  42: 1 op, 7397783200.00 ns, 7.3978 s/op
WorkloadActual  43: 1 op, 7866531300.00 ns, 7.8665 s/op
WorkloadActual  44: 1 op, 6202905100.00 ns, 6.2029 s/op
WorkloadActual  45: 1 op, 6160419200.00 ns, 6.1604 s/op
WorkloadActual  46: 1 op, 6246045500.00 ns, 6.2460 s/op
WorkloadActual  47: 1 op, 6208709400.00 ns, 6.2087 s/op
WorkloadActual  48: 1 op, 6888808400.00 ns, 6.8888 s/op
WorkloadActual  49: 1 op, 7038150300.00 ns, 7.0382 s/op
WorkloadActual  50: 1 op, 6144683600.00 ns, 6.1447 s/op
WorkloadActual  51: 1 op, 6203466800.00 ns, 6.2035 s/op
WorkloadActual  52: 1 op, 6320144400.00 ns, 6.3201 s/op
WorkloadActual  53: 1 op, 7434635200.00 ns, 7.4346 s/op
WorkloadActual  54: 1 op, 6235664400.00 ns, 6.2357 s/op
WorkloadActual  55: 1 op, 6244178800.00 ns, 6.2442 s/op
WorkloadActual  56: 1 op, 6303751500.00 ns, 6.3038 s/op
WorkloadActual  57: 1 op, 7368054000.00 ns, 7.3681 s/op
WorkloadActual  58: 1 op, 6924465300.00 ns, 6.9245 s/op
WorkloadActual  59: 1 op, 6601458100.00 ns, 6.6015 s/op
WorkloadActual  60: 1 op, 7206662900.00 ns, 7.2067 s/op
WorkloadActual  61: 1 op, 6193280900.00 ns, 6.1933 s/op
WorkloadActual  62: 1 op, 6265561600.00 ns, 6.2656 s/op
WorkloadActual  63: 1 op, 6224563300.00 ns, 6.2246 s/op
WorkloadActual  64: 1 op, 6247956000.00 ns, 6.2480 s/op
WorkloadActual  65: 1 op, 7219987400.00 ns, 7.2200 s/op
WorkloadActual  66: 1 op, 8554343900.00 ns, 8.5543 s/op
WorkloadActual  67: 1 op, 8957995400.00 ns, 8.9580 s/op
WorkloadActual  68: 1 op, 8539653700.00 ns, 8.5397 s/op
WorkloadActual  69: 1 op, 8508614700.00 ns, 8.5086 s/op
WorkloadActual  70: 1 op, 8507301800.00 ns, 8.5073 s/op
WorkloadActual  71: 1 op, 8470224800.00 ns, 8.4702 s/op
WorkloadActual  72: 1 op, 8469324900.00 ns, 8.4693 s/op
WorkloadActual  73: 1 op, 8493074000.00 ns, 8.4931 s/op
WorkloadActual  74: 1 op, 8638272500.00 ns, 8.6383 s/op
WorkloadActual  75: 1 op, 9423933700.00 ns, 9.4239 s/op
WorkloadActual  76: 1 op, 8511173600.00 ns, 8.5112 s/op
WorkloadActual  77: 1 op, 8370405900.00 ns, 8.3704 s/op
WorkloadActual  78: 1 op, 8467922400.00 ns, 8.4679 s/op
WorkloadActual  79: 1 op, 8647627100.00 ns, 8.6476 s/op
WorkloadActual  80: 1 op, 8420099300.00 ns, 8.4201 s/op
WorkloadActual  81: 1 op, 8670761800.00 ns, 8.6708 s/op
WorkloadActual  82: 1 op, 8942093300.00 ns, 8.9421 s/op
WorkloadActual  83: 1 op, 8941204600.00 ns, 8.9412 s/op
WorkloadActual  84: 1 op, 8442213200.00 ns, 8.4422 s/op
WorkloadActual  85: 1 op, 8344027700.00 ns, 8.3440 s/op
WorkloadActual  86: 1 op, 8337174200.00 ns, 8.3372 s/op
WorkloadActual  87: 1 op, 8526741400.00 ns, 8.5267 s/op
WorkloadActual  88: 1 op, 8866205400.00 ns, 8.8662 s/op
WorkloadActual  89: 1 op, 8416730900.00 ns, 8.4167 s/op
WorkloadActual  90: 1 op, 8855647400.00 ns, 8.8556 s/op
WorkloadActual  91: 1 op, 8357820300.00 ns, 8.3578 s/op
WorkloadActual  92: 1 op, 8466370700.00 ns, 8.4664 s/op
WorkloadActual  93: 1 op, 8478522800.00 ns, 8.4785 s/op
WorkloadActual  94: 1 op, 8531947800.00 ns, 8.5319 s/op
WorkloadActual  95: 1 op, 8473406100.00 ns, 8.4734 s/op
WorkloadActual  96: 1 op, 8477508700.00 ns, 8.4775 s/op
WorkloadActual  97: 1 op, 8610913300.00 ns, 8.6109 s/op
WorkloadActual  98: 1 op, 8824609700.00 ns, 8.8246 s/op
WorkloadActual  99: 1 op, 8538757300.00 ns, 8.5388 s/op
WorkloadActual  100: 1 op, 8523890100.00 ns, 8.5239 s/op

// AfterActualRun
WorkloadResult   1: 1 op, 6220372600.00 ns, 6.2204 s/op
WorkloadResult   2: 1 op, 6283276500.00 ns, 6.2833 s/op
WorkloadResult   3: 1 op, 6326346300.00 ns, 6.3263 s/op
WorkloadResult   4: 1 op, 7086606300.00 ns, 7.0866 s/op
WorkloadResult   5: 1 op, 7617545700.00 ns, 7.6175 s/op
WorkloadResult   6: 1 op, 6130175000.00 ns, 6.1302 s/op
WorkloadResult   7: 1 op, 6191948200.00 ns, 6.1919 s/op
WorkloadResult   8: 1 op, 6261740600.00 ns, 6.2617 s/op
WorkloadResult   9: 1 op, 6943198900.00 ns, 6.9432 s/op
WorkloadResult  10: 1 op, 6952692100.00 ns, 6.9527 s/op
WorkloadResult  11: 1 op, 6187189900.00 ns, 6.1872 s/op
WorkloadResult  12: 1 op, 6680208600.00 ns, 6.6802 s/op
WorkloadResult  13: 1 op, 8304375000.00 ns, 8.3044 s/op
WorkloadResult  14: 1 op, 6974281000.00 ns, 6.9743 s/op
WorkloadResult  15: 1 op, 6490795600.00 ns, 6.4908 s/op
WorkloadResult  16: 1 op, 7995273500.00 ns, 7.9953 s/op
WorkloadResult  17: 1 op, 7818485000.00 ns, 7.8185 s/op
WorkloadResult  18: 1 op, 8389066500.00 ns, 8.3891 s/op
WorkloadResult  19: 1 op, 6755005900.00 ns, 6.7550 s/op
WorkloadResult  20: 1 op, 7519412200.00 ns, 7.5194 s/op
WorkloadResult  21: 1 op, 8590447300.00 ns, 8.5904 s/op
WorkloadResult  22: 1 op, 6193237500.00 ns, 6.1932 s/op
WorkloadResult  23: 1 op, 6148864500.00 ns, 6.1489 s/op
WorkloadResult  24: 1 op, 6284974100.00 ns, 6.2850 s/op
WorkloadResult  25: 1 op, 6263391800.00 ns, 6.2634 s/op
WorkloadResult  26: 1 op, 7250887200.00 ns, 7.2509 s/op
WorkloadResult  27: 1 op, 6210558700.00 ns, 6.2106 s/op
WorkloadResult  28: 1 op, 6744444300.00 ns, 6.7444 s/op
WorkloadResult  29: 1 op, 6760836700.00 ns, 6.7608 s/op
WorkloadResult  30: 1 op, 6267255700.00 ns, 6.2673 s/op
WorkloadResult  31: 1 op, 6203593100.00 ns, 6.2036 s/op
WorkloadResult  32: 1 op, 6344905800.00 ns, 6.3449 s/op
WorkloadResult  33: 1 op, 7008872900.00 ns, 7.0089 s/op
WorkloadResult  34: 1 op, 6344493600.00 ns, 6.3445 s/op
WorkloadResult  35: 1 op, 7222953400.00 ns, 7.2230 s/op
WorkloadResult  36: 1 op, 6175165500.00 ns, 6.1752 s/op
WorkloadResult  37: 1 op, 6335410800.00 ns, 6.3354 s/op
WorkloadResult  38: 1 op, 7520105900.00 ns, 7.5201 s/op
WorkloadResult  39: 1 op, 6213440200.00 ns, 6.2134 s/op
WorkloadResult  40: 1 op, 6272481800.00 ns, 6.2725 s/op
WorkloadResult  41: 1 op, 7577668400.00 ns, 7.5777 s/op
WorkloadResult  42: 1 op, 7397783200.00 ns, 7.3978 s/op
WorkloadResult  43: 1 op, 7866531300.00 ns, 7.8665 s/op
WorkloadResult  44: 1 op, 6202905100.00 ns, 6.2029 s/op
WorkloadResult  45: 1 op, 6160419200.00 ns, 6.1604 s/op
WorkloadResult  46: 1 op, 6246045500.00 ns, 6.2460 s/op
WorkloadResult  47: 1 op, 6208709400.00 ns, 6.2087 s/op
WorkloadResult  48: 1 op, 6888808400.00 ns, 6.8888 s/op
WorkloadResult  49: 1 op, 7038150300.00 ns, 7.0382 s/op
WorkloadResult  50: 1 op, 6144683600.00 ns, 6.1447 s/op
WorkloadResult  51: 1 op, 6203466800.00 ns, 6.2035 s/op
WorkloadResult  52: 1 op, 6320144400.00 ns, 6.3201 s/op
WorkloadResult  53: 1 op, 7434635200.00 ns, 7.4346 s/op
WorkloadResult  54: 1 op, 6235664400.00 ns, 6.2357 s/op
WorkloadResult  55: 1 op, 6244178800.00 ns, 6.2442 s/op
WorkloadResult  56: 1 op, 6303751500.00 ns, 6.3038 s/op
WorkloadResult  57: 1 op, 7368054000.00 ns, 7.3681 s/op
WorkloadResult  58: 1 op, 6924465300.00 ns, 6.9245 s/op
WorkloadResult  59: 1 op, 6601458100.00 ns, 6.6015 s/op
WorkloadResult  60: 1 op, 7206662900.00 ns, 7.2067 s/op
WorkloadResult  61: 1 op, 6193280900.00 ns, 6.1933 s/op
WorkloadResult  62: 1 op, 6265561600.00 ns, 6.2656 s/op
WorkloadResult  63: 1 op, 6224563300.00 ns, 6.2246 s/op
WorkloadResult  64: 1 op, 6247956000.00 ns, 6.2480 s/op
WorkloadResult  65: 1 op, 7219987400.00 ns, 7.2200 s/op
WorkloadResult  66: 1 op, 8554343900.00 ns, 8.5543 s/op
WorkloadResult  67: 1 op, 8957995400.00 ns, 8.9580 s/op
WorkloadResult  68: 1 op, 8539653700.00 ns, 8.5397 s/op
WorkloadResult  69: 1 op, 8508614700.00 ns, 8.5086 s/op
WorkloadResult  70: 1 op, 8507301800.00 ns, 8.5073 s/op
WorkloadResult  71: 1 op, 8470224800.00 ns, 8.4702 s/op
WorkloadResult  72: 1 op, 8469324900.00 ns, 8.4693 s/op
WorkloadResult  73: 1 op, 8493074000.00 ns, 8.4931 s/op
WorkloadResult  74: 1 op, 8638272500.00 ns, 8.6383 s/op
WorkloadResult  75: 1 op, 9423933700.00 ns, 9.4239 s/op
WorkloadResult  76: 1 op, 8511173600.00 ns, 8.5112 s/op
WorkloadResult  77: 1 op, 8370405900.00 ns, 8.3704 s/op
WorkloadResult  78: 1 op, 8467922400.00 ns, 8.4679 s/op
WorkloadResult  79: 1 op, 8647627100.00 ns, 8.6476 s/op
WorkloadResult  80: 1 op, 8420099300.00 ns, 8.4201 s/op
WorkloadResult  81: 1 op, 8670761800.00 ns, 8.6708 s/op
WorkloadResult  82: 1 op, 8942093300.00 ns, 8.9421 s/op
WorkloadResult  83: 1 op, 8941204600.00 ns, 8.9412 s/op
WorkloadResult  84: 1 op, 8442213200.00 ns, 8.4422 s/op
WorkloadResult  85: 1 op, 8344027700.00 ns, 8.3440 s/op
WorkloadResult  86: 1 op, 8337174200.00 ns, 8.3372 s/op
WorkloadResult  87: 1 op, 8526741400.00 ns, 8.5267 s/op
WorkloadResult  88: 1 op, 8866205400.00 ns, 8.8662 s/op
WorkloadResult  89: 1 op, 8416730900.00 ns, 8.4167 s/op
WorkloadResult  90: 1 op, 8855647400.00 ns, 8.8556 s/op
WorkloadResult  91: 1 op, 8357820300.00 ns, 8.3578 s/op
WorkloadResult  92: 1 op, 8466370700.00 ns, 8.4664 s/op
WorkloadResult  93: 1 op, 8478522800.00 ns, 8.4785 s/op
WorkloadResult  94: 1 op, 8531947800.00 ns, 8.5319 s/op
WorkloadResult  95: 1 op, 8473406100.00 ns, 8.4734 s/op
WorkloadResult  96: 1 op, 8477508700.00 ns, 8.4775 s/op
WorkloadResult  97: 1 op, 8610913300.00 ns, 8.6109 s/op
WorkloadResult  98: 1 op, 8824609700.00 ns, 8.8246 s/op
WorkloadResult  99: 1 op, 8538757300.00 ns, 8.5388 s/op
WorkloadResult  100: 1 op, 8523890100.00 ns, 8.5239 s/op

// AfterAll
// Benchmark Process 18796 has exited with code 0.

Mean = 7.388 s, StdErr = 0.104 s (1.40%), N = 100, StdDev = 1.036 s
Min = 6.130 s, Q1 = 6.271 s, Median = 7.221 s, Q3 = 8.471 s, Max = 9.424 s
IQR = 2.200 s, LowerFence = 2.971 s, UpperFence = 11.771 s
ConfidenceInterval = [7.037 s; 7.739 s] (CI 99.9%), Margin = 0.351 s (4.75% of Mean)
Skewness = 0.15, Kurtosis = 1.38, MValue = 3.78

// ** Remained 1 (12.5%) benchmark(s) to run. Estimated finish 2026-09-16 17:48 (0h 2m from now) **
Setup power plan (GUID: 8c5e7fda-e8bf-4a96-9a85-a6e23a8c635c FriendlyName: High performance)
// **************************
// Benchmark: StringConcatenationBenchmark.StringBuilderConcatenation: DefaultJob [Iterations=100000]
// *** Execute ***
// Launch: 1 / 1
// Execute: dotnet ConsoleApp1-DefaultJob-1.dll --anonymousPipes 1484 628 --benchmarkName "StringConcatenationBenchmark.StringBuilderConcatenation(Iterations: 100000)" --job Default --benchmarkId 7 in D:\The journey\Simulation\CSharp_Basics\Lecture 3\abdallahbdreldin-Assignment-4\submission\assignment\bin\Release\net8.0\ConsoleApp1-DefaultJob-1\bin\Release\net8.0
// BeforeAnythingElse

// Benchmark Process Environment Information:
// BenchmarkDotNet v0.15.8
// Runtime=.NET 8.0.31 (8.0.31, 8.0.3126.42015), X64 RyuJIT x86-64-v3
// GC=Concurrent Workstation
// HardwareIntrinsics=AVX2+BMI1+BMI2+F16C+FMA+LZCNT+MOVBE,AVX,SSE3+SSSE3+SSE4.1+SSE4.2+POPCNT,X86Base+SSE+SSE2,AES+PCLMUL VectorSize=256
// Job: DefaultJob

OverheadJitting  1: 1 op, 166700.00 ns, 166.7000 us/op
WorkloadJitting  1: 1 op, 10129500.00 ns, 10.1295 ms/op

OverheadJitting  2: 16 op, 658900.00 ns, 41.1813 us/op
WorkloadJitting  2: 16 op, 24271400.00 ns, 1.5170 ms/op

WorkloadPilot    1: 16 op, 22511100.00 ns, 1.4069 ms/op
WorkloadPilot    2: 32 op, 46970600.00 ns, 1.4678 ms/op
WorkloadPilot    3: 64 op, 86067800.00 ns, 1.3448 ms/op
WorkloadPilot    4: 128 op, 175415700.00 ns, 1.3704 ms/op
WorkloadPilot    5: 256 op, 356848100.00 ns, 1.3939 ms/op
WorkloadPilot    6: 512 op, 698611400.00 ns, 1.3645 ms/op

OverheadWarmup   1: 512 op, 7000.00 ns, 13.6719 ns/op
OverheadWarmup   2: 512 op, 3100.00 ns, 6.0547 ns/op
OverheadWarmup   3: 512 op, 3300.00 ns, 6.4453 ns/op
OverheadWarmup   4: 512 op, 3200.00 ns, 6.2500 ns/op
OverheadWarmup   5: 512 op, 5800.00 ns, 11.3281 ns/op
OverheadWarmup   6: 512 op, 4100.00 ns, 8.0078 ns/op

OverheadActual   1: 512 op, 3500.00 ns, 6.8359 ns/op
OverheadActual   2: 512 op, 3500.00 ns, 6.8359 ns/op
OverheadActual   3: 512 op, 4300.00 ns, 8.3984 ns/op
OverheadActual   4: 512 op, 3300.00 ns, 6.4453 ns/op
OverheadActual   5: 512 op, 3300.00 ns, 6.4453 ns/op
OverheadActual   6: 512 op, 2800.00 ns, 5.4688 ns/op
OverheadActual   7: 512 op, 3600.00 ns, 7.0313 ns/op
OverheadActual   8: 512 op, 5900.00 ns, 11.5234 ns/op
OverheadActual   9: 512 op, 3800.00 ns, 7.4219 ns/op
OverheadActual  10: 512 op, 3800.00 ns, 7.4219 ns/op
OverheadActual  11: 512 op, 4200.00 ns, 8.2031 ns/op
OverheadActual  12: 512 op, 5200.00 ns, 10.1563 ns/op
OverheadActual  13: 512 op, 3800.00 ns, 7.4219 ns/op
OverheadActual  14: 512 op, 5600.00 ns, 10.9375 ns/op
OverheadActual  15: 512 op, 5800.00 ns, 11.3281 ns/op
OverheadActual  16: 512 op, 7500.00 ns, 14.6484 ns/op
OverheadActual  17: 512 op, 7200.00 ns, 14.0625 ns/op
OverheadActual  18: 512 op, 3600.00 ns, 7.0313 ns/op
OverheadActual  19: 512 op, 6500.00 ns, 12.6953 ns/op
OverheadActual  20: 512 op, 7100.00 ns, 13.8672 ns/op

WorkloadWarmup   1: 512 op, 754579800.00 ns, 1.4738 ms/op
WorkloadWarmup   2: 512 op, 719625800.00 ns, 1.4055 ms/op
WorkloadWarmup   3: 512 op, 764488600.00 ns, 1.4931 ms/op
WorkloadWarmup   4: 512 op, 678096500.00 ns, 1.3244 ms/op
WorkloadWarmup   5: 512 op, 758191000.00 ns, 1.4808 ms/op
WorkloadWarmup   6: 512 op, 702040500.00 ns, 1.3712 ms/op

// BeforeActualRun
WorkloadActual   1: 512 op, 692202100.00 ns, 1.3520 ms/op
WorkloadActual   2: 512 op, 683714600.00 ns, 1.3354 ms/op
WorkloadActual   3: 512 op, 687177500.00 ns, 1.3421 ms/op
WorkloadActual   4: 512 op, 697252200.00 ns, 1.3618 ms/op
WorkloadActual   5: 512 op, 702387100.00 ns, 1.3718 ms/op
WorkloadActual   6: 512 op, 688608400.00 ns, 1.3449 ms/op
WorkloadActual   7: 512 op, 713368500.00 ns, 1.3933 ms/op
WorkloadActual   8: 512 op, 683582800.00 ns, 1.3351 ms/op
WorkloadActual   9: 512 op, 670134400.00 ns, 1.3089 ms/op
WorkloadActual  10: 512 op, 674675200.00 ns, 1.3177 ms/op
WorkloadActual  11: 512 op, 667760300.00 ns, 1.3042 ms/op
WorkloadActual  12: 512 op, 672137300.00 ns, 1.3128 ms/op
WorkloadActual  13: 512 op, 674135900.00 ns, 1.3167 ms/op
WorkloadActual  14: 512 op, 669890600.00 ns, 1.3084 ms/op
WorkloadActual  15: 512 op, 668189500.00 ns, 1.3051 ms/op
WorkloadActual  16: 512 op, 680066900.00 ns, 1.3283 ms/op
WorkloadActual  17: 512 op, 694582200.00 ns, 1.3566 ms/op

// AfterActualRun
WorkloadResult   1: 512 op, 692198100.00 ns, 1.3519 ms/op
WorkloadResult   2: 512 op, 683710600.00 ns, 1.3354 ms/op
WorkloadResult   3: 512 op, 687173500.00 ns, 1.3421 ms/op
WorkloadResult   4: 512 op, 697248200.00 ns, 1.3618 ms/op
WorkloadResult   5: 512 op, 702383100.00 ns, 1.3718 ms/op
WorkloadResult   6: 512 op, 688604400.00 ns, 1.3449 ms/op
WorkloadResult   7: 512 op, 713364500.00 ns, 1.3933 ms/op
WorkloadResult   8: 512 op, 683578800.00 ns, 1.3351 ms/op
WorkloadResult   9: 512 op, 670130400.00 ns, 1.3088 ms/op
WorkloadResult  10: 512 op, 674671200.00 ns, 1.3177 ms/op
WorkloadResult  11: 512 op, 667756300.00 ns, 1.3042 ms/op
WorkloadResult  12: 512 op, 672133300.00 ns, 1.3128 ms/op
WorkloadResult  13: 512 op, 674131900.00 ns, 1.3167 ms/op
WorkloadResult  14: 512 op, 669886600.00 ns, 1.3084 ms/op
WorkloadResult  15: 512 op, 668185500.00 ns, 1.3050 ms/op
WorkloadResult  16: 512 op, 680062900.00 ns, 1.3282 ms/op
WorkloadResult  17: 512 op, 694578200.00 ns, 1.3566 ms/op

// AfterAll
// Benchmark Process 16300 has exited with code 0.

Mean = 1.335 ms, StdErr = 0.006 ms (0.47%), N = 17, StdDev = 0.026 ms
Min = 1.304 ms, Q1 = 1.313 ms, Median = 1.335 ms, Q3 = 1.352 ms, Max = 1.393 ms
IQR = 0.039 ms, LowerFence = 1.254 ms, UpperFence = 1.411 ms
ConfidenceInterval = [1.310 ms; 1.360 ms] (CI 99.9%), Margin = 0.025 ms (1.89% of Mean)
Skewness = 0.57, Kurtosis = 2.24, MValue = 2

// ** Remained 0 (0.0%) benchmark(s) to run. Estimated finish 2026-09-16 17:46 (0h 0m from now) **
Successfully reverted power plan (GUID: 8c5e7fda-e8bf-4a96-9a85-a6e23a8c635c FriendlyName: High performance)
// ***** BenchmarkRunner: Finish  *****

// * Export *
  BenchmarkDotNet.Artifacts\results\StringConcatenationBenchmark-report.csv
  BenchmarkDotNet.Artifacts\results\StringConcatenationBenchmark-report-github.md
  BenchmarkDotNet.Artifacts\results\StringConcatenationBenchmark-report.html

// * Detailed results *
StringConcatenationBenchmark.StringConcatenation: DefaultJob [Iterations=100]
Runtime = .NET 8.0.31 (8.0.31, 8.0.3126.42015), X64 RyuJIT x86-64-v3; GC = Concurrent Workstation
Mean = 1.945 μs, StdErr = 0.006 μs (0.30%), N = 14, StdDev = 0.022 μs
Min = 1.908 μs, Q1 = 1.929 μs, Median = 1.948 μs, Q3 = 1.959 μs, Max = 1.985 μs
IQR = 0.030 μs, LowerFence = 1.884 μs, UpperFence = 2.003 μs
ConfidenceInterval = [1.920 μs; 1.970 μs] (CI 99.9%), Margin = 0.025 μs (1.27% of Mean)
Skewness = 0.03, Kurtosis = 1.92, MValue = 2
-------------------- Histogram --------------------
[1.906 μs ; 1.997 μs) | @@@@@@@@@@@@@@
---------------------------------------------------

StringConcatenationBenchmark.StringBuilderConcatenation: DefaultJob [Iterations=100]
Runtime = .NET 8.0.31 (8.0.31, 8.0.3126.42015), X64 RyuJIT x86-64-v3; GC = Concurrent Workstation
Mean = 559.852 ns, StdErr = 2.088 ns (0.37%), N = 14, StdDev = 7.813 ns
Min = 549.764 ns, Q1 = 553.355 ns, Median = 558.641 ns, Q3 = 564.519 ns, Max = 576.013 ns
IQR = 11.164 ns, LowerFence = 536.609 ns, UpperFence = 581.265 ns
ConfidenceInterval = [551.039 ns; 568.665 ns] (CI 99.9%), Margin = 8.813 ns (1.57% of Mean)
Skewness = 0.44, Kurtosis = 2.11, MValue = 2
-------------------- Histogram --------------------
[548.154 ns ; 578.987 ns) | @@@@@@@@@@@@@@
---------------------------------------------------

StringConcatenationBenchmark.StringConcatenation: DefaultJob [Iterations=1000]
Runtime = .NET 8.0.31 (8.0.31, 8.0.3126.42015), X64 RyuJIT x86-64-v3; GC = Concurrent Workstation
Mean = 174.651 μs, StdErr = 0.873 μs (0.50%), N = 21, StdDev = 3.998 μs
Min = 170.590 μs, Q1 = 171.733 μs, Median = 173.579 μs, Q3 = 175.765 μs, Max = 184.905 μs
IQR = 4.032 μs, LowerFence = 165.686 μs, UpperFence = 181.812 μs
ConfidenceInterval = [171.292 μs; 178.009 μs] (CI 99.9%), Margin = 3.359 μs (1.92% of Mean)
Skewness = 1.15, Kurtosis = 3.41, MValue = 2
-------------------- Histogram --------------------
[170.182 μs ; 173.986 μs) | @@@@@@@@@@@
[173.986 μs ; 178.335 μs) | @@@@@@@
[178.335 μs ; 182.126 μs) | @
[182.126 μs ; 185.930 μs) | @@
---------------------------------------------------

StringConcatenationBenchmark.StringBuilderConcatenation: DefaultJob [Iterations=1000]
Runtime = .NET 8.0.31 (8.0.31, 8.0.3126.42015), X64 RyuJIT x86-64-v3; GC = Concurrent Workstation
Mean = 5.502 μs, StdErr = 0.029 μs (0.53%), N = 47, StdDev = 0.200 μs
Min = 5.273 μs, Q1 = 5.383 μs, Median = 5.444 μs, Q3 = 5.517 μs, Max = 6.067 μs
IQR = 0.134 μs, LowerFence = 5.182 μs, UpperFence = 5.719 μs
ConfidenceInterval = [5.399 μs; 5.605 μs] (CI 99.9%), Margin = 0.103 μs (1.87% of Mean)
Skewness = 1.48, Kurtosis = 4.39, MValue = 2
-------------------- Histogram --------------------
[5.200 μs ; 5.352 μs) | @@@@@@@@
[5.352 μs ; 5.497 μs) | @@@@@@@@@@@@@@@@@@@@@@@@@@
[5.497 μs ; 5.648 μs) | @@@@@@
[5.648 μs ; 5.827 μs) | @@
[5.827 μs ; 6.012 μs) | @@@
[6.012 μs ; 6.139 μs) | @@
---------------------------------------------------

StringConcatenationBenchmark.StringConcatenation: DefaultJob [Iterations=10000]
Runtime = .NET 8.0.31 (8.0.31, 8.0.3126.42015), X64 RyuJIT x86-64-v3; GC = Concurrent Workstation
Mean = 22.773 ms, StdErr = 0.078 ms (0.34%), N = 13, StdDev = 0.280 ms
Min = 22.387 ms, Q1 = 22.483 ms, Median = 22.814 ms, Q3 = 22.939 ms, Max = 23.408 ms
IQR = 0.456 ms, LowerFence = 21.799 ms, UpperFence = 23.623 ms
ConfidenceInterval = [22.437 ms; 23.108 ms] (CI 99.9%), Margin = 0.335 ms (1.47% of Mean)
Skewness = 0.47, Kurtosis = 2.66, MValue = 2
-------------------- Histogram --------------------
[22.230 ms ; 23.074 ms) | @@@@@@@@@@@@
[23.074 ms ; 23.564 ms) | @
---------------------------------------------------

StringConcatenationBenchmark.StringBuilderConcatenation: DefaultJob [Iterations=10000]
Runtime = .NET 8.0.31 (8.0.31, 8.0.3126.42015), X64 RyuJIT x86-64-v3; GC = Concurrent Workstation
Mean = 52.651 μs, StdErr = 0.197 μs (0.37%), N = 15, StdDev = 0.762 μs
Min = 50.777 μs, Q1 = 52.374 μs, Median = 52.939 μs, Q3 = 53.171 μs, Max = 53.456 μs
IQR = 0.798 μs, LowerFence = 51.177 μs, UpperFence = 54.368 μs
ConfidenceInterval = [51.837 μs; 53.466 μs] (CI 99.9%), Margin = 0.815 μs (1.55% of Mean)
Skewness = -1.08, Kurtosis = 3.04, MValue = 2
-------------------- Histogram --------------------
[50.371 μs ; 51.492 μs) | @
[51.492 μs ; 53.608 μs) | @@@@@@@@@@@@@@
---------------------------------------------------

StringConcatenationBenchmark.StringConcatenation: DefaultJob [Iterations=100000]
Runtime = .NET 8.0.31 (8.0.31, 8.0.3126.42015), X64 RyuJIT x86-64-v3; GC = Concurrent Workstation
Mean = 7.388 s, StdErr = 0.104 s (1.40%), N = 100, StdDev = 1.036 s
Min = 6.130 s, Q1 = 6.271 s, Median = 7.221 s, Q3 = 8.471 s, Max = 9.424 s
IQR = 2.200 s, LowerFence = 2.971 s, UpperFence = 11.771 s
ConfidenceInterval = [7.037 s; 7.739 s] (CI 99.9%), Margin = 0.351 s (4.75% of Mean)
Skewness = 0.15, Kurtosis = 1.38, MValue = 3.78
-------------------- Histogram --------------------
[6.112 s ; 6.698 s) | @@@@@@@@@@@@@@@@@@@@@@@@@@@@@@@@@@@@@
[6.698 s ; 7.291 s) | @@@@@@@@@@@@@@@
[7.291 s ; 7.910 s) | @@@@@@@@@
[7.910 s ; 8.292 s) | @
[8.292 s ; 8.878 s) | @@@@@@@@@@@@@@@@@@@@@@@@@@@@@@@@@@
[8.878 s ; 9.475 s) | @@@@
---------------------------------------------------

StringConcatenationBenchmark.StringBuilderConcatenation: DefaultJob [Iterations=100000]
Runtime = .NET 8.0.31 (8.0.31, 8.0.3126.42015), X64 RyuJIT x86-64-v3; GC = Concurrent Workstation
Mean = 1.335 ms, StdErr = 0.006 ms (0.47%), N = 17, StdDev = 0.026 ms
Min = 1.304 ms, Q1 = 1.313 ms, Median = 1.335 ms, Q3 = 1.352 ms, Max = 1.393 ms
IQR = 0.039 ms, LowerFence = 1.254 ms, UpperFence = 1.411 ms
ConfidenceInterval = [1.310 ms; 1.360 ms] (CI 99.9%), Margin = 0.025 ms (1.89% of Mean)
Skewness = 0.57, Kurtosis = 2.24, MValue = 2
-------------------- Histogram --------------------
[1.303 ms ; 1.332 ms) | @@@@@@@@
[1.332 ms ; 1.407 ms) | @@@@@@@@@
---------------------------------------------------

// * Summary *

BenchmarkDotNet v0.15.8, Windows 11 (10.0.26200.9457/25H2/2025Update/HudsonValley2)
Intel Core i5-10500H CPU 2.50GHz, 1 CPU, 12 logical and 6 physical cores
.NET SDK 9.0.318
  [Host]     : .NET 8.0.31 (8.0.31, 8.0.3126.42015), X64 RyuJIT x86-64-v3
  DefaultJob : .NET 8.0.31 (8.0.31, 8.0.3126.42015), X64 RyuJIT x86-64-v3


| Method                     | Iterations | Mean               | Error             | StdDev              |
|--------------------------- |----------- |-------------------:|------------------:|--------------------:|
| StringConcatenation        | 100        |         1,945.1 ns |          24.78 ns |            21.97 ns |
| StringBuilderConcatenation | 100        |           559.9 ns |           8.81 ns |             7.81 ns |
| StringConcatenation        | 1000       |       174,650.6 ns |       3,358.83 ns |         3,998.45 ns |
| StringBuilderConcatenation | 1000       |         5,502.1 ns |         102.69 ns |           200.29 ns |
| StringConcatenation        | 10000      |    22,772,849.3 ns |     335,499.83 ns |       280,157.55 ns |
| StringBuilderConcatenation | 10000      |        52,651.3 ns |         814.73 ns |           762.10 ns |
| StringConcatenation        | 100000     | 7,388,163,656.0 ns | 351,229,705.04 ns | 1,035,608,785.05 ns |
| StringBuilderConcatenation | 100000     |     1,334,995.1 ns |      25,288.32 ns |        25,969.24 ns |

// * Warnings *
MultimodalDistribution
  StringConcatenationBenchmark.StringConcatenation: Default -> It seems that the distribution is bimodal (mValue = 3.78)

// * Hints *
Outliers
  StringConcatenationBenchmark.StringConcatenation: Default        -> 1 outlier  was  removed (2.02 μs)
  StringConcatenationBenchmark.StringBuilderConcatenation: Default -> 1 outlier  was  removed (587.76 ns)
  StringConcatenationBenchmark.StringConcatenation: Default        -> 2 outliers were removed (185.09 μs, 195.90 μs)
  StringConcatenationBenchmark.StringBuilderConcatenation: Default -> 7 outliers were removed (6.11 μs..6.35 μs)
  StringConcatenationBenchmark.StringConcatenation: Default        -> 2 outliers were removed (23.62 ms, 23.76 ms)
  StringConcatenationBenchmark.StringBuilderConcatenation: Default -> 1 outlier  was  detected (50.78 μs)

// * Legends *
  Iterations : Value of the 'Iterations' parameter
  Mean       : Arithmetic mean of all measurements
  Error      : Half of 99.9% confidence interval
  StdDev     : Standard deviation of all measurements
  1 ns       : 1 Nanosecond (0.000000001 sec)

// ***** BenchmarkRunner: End *****
Run time: 00:15:55 (955.97 sec), executed benchmarks: 8

Global total time: 00:16:07 (967.72 sec), executed benchmarks: 8
// * Artifacts cleanup *
Artifacts cleanup is finished
